Component: ARM Compiler 5.06 update 6 (build 750) Tool: armlink [4d35ed]

==============================================================================

Section Cross References

    mbed/TARGET_NUCLEO_F401RE/TOOLCHAIN_ARM_STD/analogin_api.o(i.adc_read) refers to mbed/TARGET_NUCLEO_F401RE/TOOLCHAIN_ARM_STD/stm32f4xx_hal_adc.o(i.HAL_ADC_ConfigChannel) for HAL_ADC_ConfigChannel
    mbed/TARGET_NUCLEO_F401RE/TOOLCHAIN_ARM_STD/analogin_api.o(i.adc_read) refers to mbed/TARGET_NUCLEO_F401RE/TOOLCHAIN_ARM_STD/stm32f4xx_hal_adc.o(i.HAL_ADC_Start) for HAL_ADC_Start
    mbed/TARGET_NUCLEO_F401RE/TOOLCHAIN_ARM_STD/analogin_api.o(i.adc_read) refers to mbed/TARGET_NUCLEO_F401RE/TOOLCHAIN_ARM_STD/stm32f4xx_hal_adc.o(i.HAL_ADC_PollForConversion) for HAL_ADC_PollForConversion
    mbed/TARGET_NUCLEO_F401RE/TOOLCHAIN_ARM_STD/analogin_api.o(i.adc_read) refers to mbed/TARGET_NUCLEO_F401RE/TOOLCHAIN_ARM_STD/stm32f4xx_hal_adc.o(i.HAL_ADC_GetValue) for HAL_ADC_GetValue
    mbed/TARGET_NUCLEO_F401RE/TOOLCHAIN_ARM_STD/analogin_api.o(i.adc_read) refers to mbed/TARGET_NUCLEO_F401RE/TOOLCHAIN_ARM_STD/analogin_api.o(.bss) for .bss
    mbed/TARGET_NUCLEO_F401RE/TOOLCHAIN_ARM_STD/analogin_api.o(i.analogin_init) refers to mbed/TARGET_NUCLEO_F401RE/TOOLCHAIN_ARM_STD/mbed.ar(mbed_pinmap_common.o)(i.pinmap_peripheral) for pinmap_peripheral
    mbed/TARGET_NUCLEO_F401RE/TOOLCHAIN_ARM_STD/analogin_api.o(i.analogin_init) refers to mbed/TARGET_NUCLEO_F401RE/TOOLCHAIN_ARM_STD/mbed.ar(mbed_pinmap_common.o)(i.pinmap_function) for pinmap_function
    mbed/TARGET_NUCLEO_F401RE/TOOLCHAIN_ARM_STD/analogin_api.o(i.analogin_init) refers to mbed/TARGET_NUCLEO_F401RE/TOOLCHAIN_ARM_STD/mbed.ar(mbed_pinmap_common.o)(i.pinmap_pinout) for pinmap_pinout
    mbed/TARGET_NUCLEO_F401RE/TOOLCHAIN_ARM_STD/analogin_api.o(i.analogin_init) refers to mbed/TARGET_NUCLEO_F401RE/TOOLCHAIN_ARM_STD/mbed.ar(mbed_assert.o)(i.mbed_assert_internal) for mbed_assert_internal
    mbed/TARGET_NUCLEO_F401RE/TOOLCHAIN_ARM_STD/analogin_api.o(i.analogin_init) refers to mbed/TARGET_NUCLEO_F401RE/TOOLCHAIN_ARM_STD/stm32f4xx_hal_adc.o(i.HAL_ADC_Init) for HAL_ADC_Init
    mbed/TARGET_NUCLEO_F401RE/TOOLCHAIN_ARM_STD/analogin_api.o(i.analogin_init) refers to mbed/TARGET_NUCLEO_F401RE/TOOLCHAIN_ARM_STD/mbed.ar(mbed_error.o)(i.error) for error
    mbed/TARGET_NUCLEO_F401RE/TOOLCHAIN_ARM_STD/analogin_api.o(i.analogin_init) refers to mbed/TARGET_NUCLEO_F401RE/TOOLCHAIN_ARM_STD/PeripheralPins.o(.constdata) for PinMap_ADC
    mbed/TARGET_NUCLEO_F401RE/TOOLCHAIN_ARM_STD/analogin_api.o(i.analogin_init) refers to mbed/TARGET_NUCLEO_F401RE/TOOLCHAIN_ARM_STD/PeripheralPins.o(.constdata) for PinMap_ADC_Internal
    mbed/TARGET_NUCLEO_F401RE/TOOLCHAIN_ARM_STD/analogin_api.o(i.analogin_init) refers to mbed/TARGET_NUCLEO_F401RE/TOOLCHAIN_ARM_STD/analogin_api.o(.conststring) for .conststring
    mbed/TARGET_NUCLEO_F401RE/TOOLCHAIN_ARM_STD/analogin_api.o(i.analogin_init) refers to mbed/TARGET_NUCLEO_F401RE/TOOLCHAIN_ARM_STD/analogin_api.o(.data) for .data
    mbed/TARGET_NUCLEO_F401RE/TOOLCHAIN_ARM_STD/analogin_api.o(i.analogin_init) refers to mbed/TARGET_NUCLEO_F401RE/TOOLCHAIN_ARM_STD/analogin_api.o(.bss) for .bss
    mbed/TARGET_NUCLEO_F401RE/TOOLCHAIN_ARM_STD/analogin_api.o(i.analogin_read) refers to mbed/TARGET_NUCLEO_F401RE/TOOLCHAIN_ARM_STD/analogin_api.o(i.adc_read) for adc_read
    mbed/TARGET_NUCLEO_F401RE/TOOLCHAIN_ARM_STD/analogin_api.o(i.analogin_read_u16) refers to mbed/TARGET_NUCLEO_F401RE/TOOLCHAIN_ARM_STD/analogin_api.o(i.adc_read) for adc_read
    mbed/TARGET_NUCLEO_F401RE/TOOLCHAIN_ARM_STD/cmsis_nvic.o(i.__NVIC_SetVector) refers to C:\Keil_v5\ARM\ARMCC\Bin\..\lib\armlib\c_w.l(rt_memcpy_w.o)(.text) for __aeabi_memcpy4
    mbed/TARGET_NUCLEO_F401RE/TOOLCHAIN_ARM_STD/gpio_api.o(i.Set_GPIO_Clock) refers to mbed/TARGET_NUCLEO_F401RE/TOOLCHAIN_ARM_STD/mbed.ar(mbed_error.o)(i.error) for error
    mbed/TARGET_NUCLEO_F401RE/TOOLCHAIN_ARM_STD/gpio_api.o(i.gpio_init) refers to mbed/TARGET_NUCLEO_F401RE/TOOLCHAIN_ARM_STD/gpio_api.o(i.Set_GPIO_Clock) for Set_GPIO_Clock
    mbed/TARGET_NUCLEO_F401RE/TOOLCHAIN_ARM_STD/gpio_api.o(i.gpio_init) refers to mbed/TARGET_NUCLEO_F401RE/TOOLCHAIN_ARM_STD/pinmap.o(i.pin_function) for pin_function
    mbed/TARGET_NUCLEO_F401RE/TOOLCHAIN_ARM_STD/gpio_api.o(i.gpio_init) refers to mbed/TARGET_NUCLEO_F401RE/TOOLCHAIN_ARM_STD/pinmap.o(.constdata) for ll_pin_defines
    mbed/TARGET_NUCLEO_F401RE/TOOLCHAIN_ARM_STD/gpio_api.o(i.gpio_mode) refers to mbed/TARGET_NUCLEO_F401RE/TOOLCHAIN_ARM_STD/pinmap.o(i.pin_mode) for pin_mode
    mbed/TARGET_NUCLEO_F401RE/TOOLCHAIN_ARM_STD/gpio_api.o(i.gpio_set) refers to mbed/TARGET_NUCLEO_F401RE/TOOLCHAIN_ARM_STD/mbed.ar(mbed_assert.o)(i.mbed_assert_internal) for mbed_assert_internal
    mbed/TARGET_NUCLEO_F401RE/TOOLCHAIN_ARM_STD/gpio_api.o(i.gpio_set) refers to mbed/TARGET_NUCLEO_F401RE/TOOLCHAIN_ARM_STD/pinmap.o(i.pin_function) for pin_function
[...]
    __aeabi_memclr8                          0x08000719   Thumb Code     0  C:\Keil_v5\ARM\ARMCC\Bin\..\lib\armlib\c_w.l(rt_memclr_w.o)(.text)
    __rt_memclr_w                            0x08000719   Thumb Code    78  C:\Keil_v5\ARM\ARMCC\Bin\..\lib\armlib\c_w.l(rt_memclr_w.o)(.text)
    _memset_w                                0x0800071d   Thumb Code     0  C:\Keil_v5\ARM\ARMCC\Bin\..\lib\armlib\c_w.l(rt_memclr_w.o)(.text)
    strcmp                                   0x08000769   Thumb Code   128  C:\Keil_v5\ARM\ARMCC\Bin\..\lib\armlib\c_w.l(strcmpv7m.o)(.text)
    __cpp_initialize__aeabi_                 0x080007e9   Thumb Code    26  C:\Keil_v5\ARM\ARMCC\Bin\..\lib\armlib\c_w.l(init_aeabi.o)(.text)
    __rt_heap_descriptor                     0x0800080d   Thumb Code     8  C:\Keil_v5\ARM\ARMCC\Bin\..\lib\armlib\c_w.l(rt_heap_descriptor.o)(.text)
    __use_no_heap                            0x08000815   Thumb Code     2  C:\Keil_v5\ARM\ARMCC\Bin\..\lib\armlib\c_w.l(hguard.o)(.text)
    __heap$guard                             0x08000817   Thumb Code     2  C:\Keil_v5\ARM\ARMCC\Bin\..\lib\armlib\c_w.l(hguard.o)(.text)
    _terminate_user_alloc                    0x08000819   Thumb Code     2  C:\Keil_v5\ARM\ARMCC\Bin\..\lib\armlib\c_w.l(init_alloc.o)(.text)
    _init_user_alloc                         0x0800081b   Thumb Code     2  C:\Keil_v5\ARM\ARMCC\Bin\..\lib\armlib\c_w.l(init_alloc.o)(.text)
    __Heap_Full                              0x0800081d   Thumb Code    34  C:\Keil_v5\ARM\ARMCC\Bin\..\lib\armlib\c_w.l(init_alloc.o)(.text)
    __Heap_Broken                            0x0800083f   Thumb Code     6  C:\Keil_v5\ARM\ARMCC\Bin\..\lib\armlib\c_w.l(init_alloc.o)(.text)
    _init_alloc                              0x08000845   Thumb Code    94  C:\Keil_v5\ARM\ARMCC\Bin\..\lib\armlib\c_w.l(init_alloc.o)(.text)
    __Heap_Initialize                        0x080008a3   Thumb Code    10  C:\Keil_v5\ARM\ARMCC\Bin\..\lib\armlib\c_w.l(h1_init.o)(.text)
    __Heap_DescSize                          0x080008ad   Thumb Code     4  C:\Keil_v5\ARM\ARMCC\Bin\..\lib\armlib\c_w.l(h1_init.o)(.text)
    _printf_pre_padding                      0x080008b1   Thumb Code    44  C:\Keil_v5\ARM\ARMCC\Bin\..\lib\armlib\c_w.l(_printf_pad.o)(.text)
    _printf_post_padding                     0x080008dd   Thumb Code    34  C:\Keil_v5\ARM\ARMCC\Bin\..\lib\armlib\c_w.l(_printf_pad.o)(.text)
    _printf_truncate_signed                  0x080008ff   Thumb Code    18  C:\Keil_v5\ARM\ARMCC\Bin\..\lib\armlib\c_w.l(_printf_truncate.o)(.text)
    _printf_truncate_unsigned                0x08000911   Thumb Code    18  C:\Keil_v5\ARM\ARMCC\Bin\..\lib\armlib\c_w.l(_printf_truncate.o)(.text)
    _printf_str                              0x08000923   Thumb Code    82  C:\Keil_v5\ARM\ARMCC\Bin\..\lib\armlib\c_w.l(_printf_str.o)(.text)
    _printf_int_dec                          0x08000975   Thumb Code   104  C:\Keil_v5\ARM\ARMCC\Bin\..\lib\armlib\c_w.l(_printf_dec.o)(.text)
    _printf_charcount                        0x080009ed   Thumb Code    40  C:\Keil_v5\ARM\ARMCC\Bin\..\lib\armlib\c_w.l(_printf_charcount.o)(.text)
    _printf_char_common                      0x08000a1f   Thumb Code    32  C:\Keil_v5\ARM\ARMCC\Bin\..\lib\armlib\c_w.l(_printf_char_common.o)(.text)
    _sputc                                   0x08000a45   Thumb Code    10  C:\Keil_v5\ARM\ARMCC\Bin\..\lib\armlib\c_w.l(_sputc.o)(.text)
    _snputc                                  0x08000a4f   Thumb Code    16  C:\Keil_v5\ARM\ARMCC\Bin\..\lib\armlib\c_w.l(_snputc.o)(.text)
    _printf_wctomb                           0x08000a61   Thumb Code   182  C:\Keil_v5\ARM\ARMCC\Bin\..\lib\armlib\c_w.l(_printf_wctomb.o)(.text)
    _printf_longlong_dec                     0x08000b1d   Thumb Code   108  C:\Keil_v5\ARM\ARMCC\Bin\..\lib\armlib\c_w.l(_printf_longlong_dec.o)(.text)
    _printf_longlong_oct                     0x08000b99   Thumb Code    66  C:\Keil_v5\ARM\ARMCC\Bin\..\lib\armlib\c_w.l(_printf_oct_int_ll.o)(.text)
    _printf_int_oct                          0x08000bdb   Thumb Code    24  C:\Keil_v5\ARM\ARMCC\Bin\..\lib\armlib\c_w.l(_printf_oct_int_ll.o)(.text)
    _printf_ll_oct                           0x08000bf3   Thumb Code    12  C:\Keil_v5\ARM\ARMCC\Bin\..\lib\armlib\c_w.l(_printf_oct_int_ll.o)(.text)
    _printf_longlong_hex                     0x08000c09   Thumb Code    86  C:\Keil_v5\ARM\ARMCC\Bin\..\lib\armlib\c_w.l(_printf_hex_int_ll_ptr.o)(.text)
    _printf_int_hex                          0x08000c5f   Thumb Code    28  C:\Keil_v5\ARM\ARMCC\Bin\..\lib\armlib\c_w.l(_printf_hex_int_ll_ptr.o)(.text)
    _printf_ll_hex                           0x08000c7b   Thumb Code    12  C:\Keil_v5\ARM\ARMCC\Bin\..\lib\armlib\c_w.l(_printf_hex_int_ll_ptr.o)(.text)
    _printf_hex_ptr                          0x08000c87   Thumb Code    18  C:\Keil_v5\ARM\ARMCC\Bin\..\lib\armlib\c_w.l(_printf_hex_int_ll_ptr.o)(.text)
    __printf                                 0x08000c9d   Thumb Code   388  C:\Keil_v5\ARM\ARMCC\Bin\..\lib\armlib\c_w.l(__printf_flags_ss_wp.o)(.text)
    _chval                                   0x08000e25   Thumb Code    28  C:\Keil_v5\ARM\ARMCC\Bin\..\lib\armlib\c_w.l(_chval.o)(.text)
    __vfscanf_char                           0x08000e4d   Thumb Code    24  C:\Keil_v5\ARM\ARMCC\Bin\..\lib\armlib\c_w.l(scanf_char.o)(.text)
    _sgetc                                   0x08000e6d   Thumb Code    30  C:\Keil_v5\ARM\ARMCC\Bin\..\lib\armlib\c_w.l(_sgetc.o)(.text)
    _sbackspace                              0x08000e8b   Thumb Code    34  C:\Keil_v5\ARM\ARMCC\Bin\..\lib\armlib\c_w.l(_sgetc.o)(.text)
    _fseek                                   0x08000ead   Thumb Code   242  C:\Keil_v5\ARM\ARMCC\Bin\..\lib\armlib\c_w.l(fseek.o)(.text)
    fseek                                    0x08000ead   Thumb Code     0  C:\Keil_v5\ARM\ARMCC\Bin\..\lib\armlib\c_w.l(fseek.o)(.text)
    setvbuf                                  0x08000fa5   Thumb Code    70  C:\Keil_v5\ARM\ARMCC\Bin\..\lib\armlib\c_w.l(setvbuf.o)(.text)
    _seterr                                  0x08000fed   Thumb Code    20  C:\Keil_v5\ARM\ARMCC\Bin\..\lib\armlib\c_w.l(stdio.o)(.text)
    _writebuf                                0x08001001   Thumb Code    84  C:\Keil_v5\ARM\ARMCC\Bin\..\lib\armlib\c_w.l(stdio.o)(.text)
    _fflush                                  0x08001055   Thumb Code    70  C:\Keil_v5\ARM\ARMCC\Bin\..\lib\armlib\c_w.l(stdio.o)(.text)
    _deferredlazyseek                        0x0800109b   Thumb Code    60  C:\Keil_v5\ARM\ARMCC\Bin\..\lib\armlib\c_w.l(stdio.o)(.text)
    _initio                                  0x080010dd   Thumb Code   210  C:\Keil_v5\ARM\ARMCC\Bin\..\lib\armlib\c_w.l(initio.o)(.text)
    _terminateio                             0x080011af   Thumb Code    56  C:\Keil_v5\ARM\ARMCC\Bin\..\lib\armlib\c_w.l(initio.o)(.text)
    __Heap_ProvideMemory                     0x08001215   Thumb Code    52  C:\Keil_v5\ARM\ARMCC\Bin\..\lib\armlib\c_w.l(h1_extend.o)(.text)
    _ll_udiv10                               0x08001249   Thumb Code   138  C:\Keil_v5\ARM\ARMCC\Bin\..\lib\armlib\c_w.l(lludiv10.o)(.text)
    isspace                                  0x080012d3   Thumb Code    18  C:\Keil_v5\ARM\ARMCC\Bin\..\lib\armlib\c_w.l(isspace.o)(.text)
    _printf_int_common                       0x080012e5   Thumb Code   178  C:\Keil_v5\ARM\ARMCC\Bin\..\lib\armlib\c_w.l(_printf_intcommon.o)(.text)
    __lib_sel_fp_printf                      0x08001397   Thumb Code     2  C:\Keil_v5\ARM\ARMCC\Bin\..\lib\armlib\c_w.l(_printf_fp_dec.o)(.text)
    _printf_fp_dec_real                      0x08001549   Thumb Code   620  C:\Keil_v5\ARM\ARMCC\Bin\..\lib\armlib\c_w.l(_printf_fp_dec.o)(.text)
    _printf_fp_hex_real                      0x080017b5   Thumb Code   756  C:\Keil_v5\ARM\ARMCC\Bin\..\lib\armlib\c_w.l(_printf_fp_hex.o)(.text)
    _printf_cs_common                        0x08001ab1   Thumb Code    20  C:\Keil_v5\ARM\ARMCC\Bin\..\lib\armlib\c_w.l(_printf_char.o)(.text)
    _printf_char                             0x08001ac5   Thumb Code    16  C:\Keil_v5\ARM\ARMCC\Bin\..\lib\armlib\c_w.l(_printf_char.o)(.text)
    _printf_string                           0x08001ad5   Thumb Code     8  C:\Keil_v5\ARM\ARMCC\Bin\..\lib\armlib\c_w.l(_printf_char.o)(.text)
    _printf_lcs_common                       0x08001add   Thumb Code    20  C:\Keil_v5\ARM\ARMCC\Bin\..\lib\armlib\c_w.l(_printf_wchar.o)(.text)
    _printf_wchar                            0x08001af1   Thumb Code    16  C:\Keil_v5\ARM\ARMCC\Bin\..\lib\armlib\c_w.l(_printf_wchar.o)(.text)
    _printf_wstring                          0x08001b01   Thumb Code     8  C:\Keil_v5\ARM\ARMCC\Bin\..\lib\armlib\c_w.l(_printf_wchar.o)(.text)
    __vfscanf                                0x08001b09   Thumb Code   878  C:\Keil_v5\ARM\ARMCC\Bin\..\lib\armlib\c_w.l(_scanf.o)(.text)
    _ftell_internal                          0x08001e7d   Thumb Code    66  C:\Keil_v5\ARM\ARMCC\Bin\..\lib\armlib\c_w.l(ftell.o)(.text)
    ftell                                    0x08001e7d   Thumb Code     0  C:\Keil_v5\ARM\ARMCC\Bin\..\lib\armlib\c_w.l(ftell.o)(.text)
    freopen                                  0x08001ec1   Thumb Code   158  C:\Keil_v5\ARM\ARMCC\Bin\..\lib\armlib\c_w.l(fopen.o)(.text)
    fopen                                    0x08001f5f   Thumb Code    74  C:\Keil_v5\ARM\ARMCC\Bin\..\lib\armlib\c_w.l(fopen.o)(.text)
    _fclose_internal                         0x08001fad   Thumb Code    76  C:\Keil_v5\ARM\ARMCC\Bin\..\lib\armlib\c_w.l(fclose.o)(.text)
    fclose                                   0x08001fad   Thumb Code     0  C:\Keil_v5\ARM\ARMCC\Bin\..\lib\armlib\c_w.l(fclose.o)(.text)
    _wcrtomb                                 0x08001ff9   Thumb Code    64  C:\Keil_v5\ARM\ARMCC\Bin\..\lib\armlib\c_w.l(_wcrtomb.o)(.text)
    __rt_SIGRTRED                            0x08002039   Thumb Code    14  C:\Keil_v5\ARM\ARMCC\Bin\..\lib\armlib\c_w.l(defsig_rtred_outer.o)(.text)
    __rt_SIGRTMEM                            0x08002047   Thumb Code    14  C:\Keil_v5\ARM\ARMCC\Bin\..\lib\armlib\c_w.l(defsig_rtmem_outer.o)(.text)
    __rt_heap_escrow                         0x08002055   Thumb Code    22  C:\Keil_v5\ARM\ARMCC\Bin\..\lib\armlib\c_w.l(heapauxa.o)(.text)
    __rt_heap_expand                         0x0800206b   Thumb Code    52  C:\Keil_v5\ARM\ARMCC\Bin\..\lib\armlib\c_w.l(heapauxa.o)(.text)
    __rt_ctype_table                         0x080020a5   Thumb Code    16  C:\Keil_v5\ARM\ARMCC\Bin\..\lib\armlib\c_w.l(rt_ctype_table.o)(.text)
    __rt_locale                              0x080020b5   Thumb Code     8  C:\Keil_v5\ARM\ARMCC\Bin\..\lib\armlib\c_w.l(rt_locale.o)(.text)
    _printf_fp_infnan                        0x080020bd   Thumb Code   112  C:\Keil_v5\ARM\ARMCC\Bin\..\lib\armlib\c_w.l(_printf_fp_infnan.o)(.text)
    _btod_etento                             0x0800213d   Thumb Code   224  C:\Keil_v5\ARM\ARMCC\Bin\..\lib\armlib\c_w.l(bigflt0.o)(.text)
    __sig_exit                               0x08002221   Thumb Code    10  C:\Keil_v5\ARM\ARMCC\Bin\..\lib\armlib\c_w.l(defsig_exit.o)(.text)
    __rt_SIGRTRED_inner                      0x0800222d   Thumb Code    14  C:\Keil_v5\ARM\ARMCC\Bin\..\lib\armlib\c_w.l(defsig_rtred_inner.o)(.text)
    __rt_SIGRTMEM_inner                      0x08002261   Thumb Code    22  C:\Keil_v5\ARM\ARMCC\Bin\..\lib\armlib\c_w.l(defsig_rtmem_inner.o)(.text)
    _sys_exit                                0x080022b1   Thumb Code     8  C:\Keil_v5\ARM\ARMCC\Bin\..\lib\armlib\c_w.l(sys_exit.o)(.text)
    __default_signal_display                 0x080022bd   Thumb Code    50  C:\Keil_v5\ARM\ARMCC\Bin\..\lib\armlib\c_w.l(defsig_general.o)(.text)
    _ttywrch                                 0x080022ef   Thumb Code    14  C:\Keil_v5\ARM\ARMCC\Bin\..\lib\armlib\c_w.l(sys_wrch.o)(.text)
    __I$use$semihosting                      0x080022fd   Thumb Code     0  C:\Keil_v5\ARM\ARMCC\Bin\..\lib\armlib\c_w.l(use_no_semi.o)(.text)
    __use_no_semihosting_swi                 0x080022fd   Thumb Code     2  C:\Keil_v5\ARM\ARMCC\Bin\..\lib\armlib\c_w.l(use_no_semi.o)(.text)
    __semihosting_library_function           0x080022ff   Thumb Code     0  C:\Keil_v5\ARM\ARMCC\Bin\..\lib\armlib\c_w.l(indicate_semi.o)(.text)
    _btod_d2e                                0x080022ff   Thumb Code    62  C:\Keil_v5\ARM\ARMCC\Bin\..\lib\armlib\c_w.l(btod.o)(CL$$btod_d2e)
    _d2e_denorm_low                          0x0800233d   Thumb Code    70  C:\Keil_v5\ARM\ARMCC\Bin\..\lib\armlib\c_w.l(btod.o)(CL$$btod_d2e_denorm_low)
    _d2e_norm_op1                            0x08002383   Thumb Code    96  C:\Keil_v5\ARM\ARMCC\Bin\..\lib\armlib\c_w.l(btod.o)(CL$$btod_d2e_norm_op1)
    __btod_div_common                        0x080023e3   Thumb Code   696  C:\Keil_v5\ARM\ARMCC\Bin\..\lib\armlib\c_w.l(btod.o)(CL$$btod_div_common)
    _e2e                                     0x0800271b   Thumb Code   220  C:\Keil_v5\ARM\ARMCC\Bin\..\lib\armlib\c_w.l(btod.o)(CL$$btod_e2e)
    _btod_ediv                               0x080027f7   Thumb Code    42  C:\Keil_v5\ARM\ARMCC\Bin\..\lib\armlib\c_w.l(btod.o)(CL$$btod_ediv)
    _btod_emul                               0x08002821   Thumb Code    42  C:\Keil_v5\ARM\ARMCC\Bin\..\lib\armlib\c_w.l(btod.o)(CL$$btod_emul)
    __btod_mult_common                       0x0800284b   Thumb Code   580  C:\Keil_v5\ARM\ARMCC\Bin\..\lib\armlib\c_w.l(btod.o)(CL$$btod_mult_common)
    main                                     0x08002a8f   Thumb Code    14  mbed/TARGET_NUCLEO_F401RE/TOOLCHAIN_ARM_STD/mbed_retarget.o(i.$Sub$$main)
    HAL_GetTick                              0x08002a9d   Thumb Code     6  mbed/TARGET_NUCLEO_F401RE/TOOLCHAIN_ARM_STD/stm32f4xx_hal.o(i.HAL_GetTick)
    HAL_IncTick                              0x08002aa9   Thumb Code    10  mbed/TARGET_NUCLEO_F401RE/TOOLCHAIN_ARM_STD/stm32f4xx_hal.o(i.HAL_IncTick)
    HAL_Init                                 0x08002ab9   Thumb Code    42  mbed/TARGET_NUCLEO_F401RE/TOOLCHAIN_ARM_STD/stm32f4xx_hal.o(i.HAL_Init)
    HAL_InitTick                             0x08002ae9   Thumb Code   164  mbed/TARGET_NUCLEO_F401RE/TOOLCHAIN_ARM_STD/hal_tick_32b.o(i.HAL_InitTick)
    HAL_MspInit                              0x08002bad   Thumb Code     2  mbed/TARGET_NUCLEO_F401RE/TOOLCHAIN_ARM_STD/stm32f4xx_hal_msp_template.o(i.HAL_MspInit)
    HAL_RCC_ClockConfig                      0x08002bb1   Thumb Code   388  mbed/TARGET_NUCLEO_F401RE/TOOLCHAIN_ARM_STD/stm32f4xx_hal_rcc.o(i.HAL_RCC_ClockConfig)
    HAL_RCC_GetClockConfig                   0x08002d49   Thumb Code    54  mbed/TARGET_NUCLEO_F401RE/TOOLCHAIN_ARM_STD/stm32f4xx_hal_rcc.o(i.HAL_RCC_GetClockConfig)
    HAL_RCC_GetPCLK1Freq                     0x08002d89   Thumb Code    34  mbed/TARGET_NUCLEO_F401RE/TOOLCHAIN_ARM_STD/stm32f4xx_hal_rcc.o(i.HAL_RCC_GetPCLK1Freq)
    HAL_RCC_GetPCLK2Freq                     0x08002db9   Thumb Code    34  mbed/TARGET_NUCLEO_F401RE/TOOLCHAIN_ARM_STD/stm32f4xx_hal_rcc.o(i.HAL_RCC_GetPCLK2Freq)
    HAL_RCC_GetSysClockFreq                  0x08002de9   Thumb Code   132  mbed/TARGET_NUCLEO_F401RE/TOOLCHAIN_ARM_STD/stm32f4xx_hal_rcc.o(i.HAL_RCC_GetSysClockFreq)
    HAL_RCC_OscConfig                        0x08002e7d   Thumb Code   844  mbed/TARGET_NUCLEO_F401RE/TOOLCHAIN_ARM_STD/stm32f4xx_hal_rcc.o(i.HAL_RCC_OscConfig)
    HAL_TIM_OC_Init                          0x080031f1   Thumb Code    54  mbed/TARGET_NUCLEO_F401RE/TOOLCHAIN_ARM_STD/stm32f4xx_hal_tim.o(i.HAL_TIM_OC_Init)
    HAL_TIM_OC_MspInit                       0x08003227   Thumb Code     2  mbed/TARGET_NUCLEO_F401RE/TOOLCHAIN_ARM_STD/stm32f4xx_hal_tim.o(i.HAL_TIM_OC_MspInit)
    HAL_TIM_OC_Start                         0x08003229   Thumb Code    54  mbed/TARGET_NUCLEO_F401RE/TOOLCHAIN_ARM_STD/stm32f4xx_hal_tim.o(i.HAL_TIM_OC_Start)
    HAL_UART_Init                            0x0800325f   Thumb Code    98  mbed/TARGET_NUCLEO_F401RE/TOOLCHAIN_ARM_STD/stm32f4xx_hal_uart.o(i.HAL_UART_Init)
    HAL_UART_MspInit                         0x080032c1   Thumb Code     2  mbed/TARGET_NUCLEO_F401RE/TOOLCHAIN_ARM_STD/stm32f4xx_hal_uart.o(i.HAL_UART_MspInit)
    SetSysClock                              0x080032c5   Thumb Code   150  mbed/TARGET_NUCLEO_F401RE/TOOLCHAIN_ARM_STD/system_stm32f4xx.o(i.SetSysClock)
    SetSysClock_PLL_HSE                      0x08003365   Thumb Code   132  mbed/TARGET_NUCLEO_F401RE/TOOLCHAIN_ARM_STD/system_stm32f4xx.o(i.SetSysClock_PLL_HSE)
    Set_GPIO_Clock                           0x080033f1   Thumb Code   142  mbed/TARGET_NUCLEO_F401RE/TOOLCHAIN_ARM_STD/gpio_api.o(i.Set_GPIO_Clock)
    SystemCoreClockUpdate                    0x080034c1   Thumb Code   112  mbed/TARGET_NUCLEO_F401RE/TOOLCHAIN_ARM_STD/system_stm32f4xx.o(i.SystemCoreClockUpdate)
    SystemInit                               0x08003545   Thumb Code    98  mbed/TARGET_NUCLEO_F401RE/TOOLCHAIN_ARM_STD/system_stm32f4xx.o(i.SystemInit)
    TIM_Base_SetConfig                       0x080035cd   Thumb Code   132  mbed/TARGET_NUCLEO_F401RE/TOOLCHAIN_ARM_STD/stm32f4xx_hal_tim.o(i.TIM_Base_SetConfig)
    mbed::FileBase::getPathType()            0x080039a5   Thumb Code     4  mbed/TARGET_NUCLEO_F401RE/TOOLCHAIN_ARM_STD/mbed.ar(FileBase.o)(i._ZN4mbed8FileBase11getPathTypeEv)
    mbed::FileBase::lookup(const char*, unsigned) 0x080039a9   Thumb Code    90  mbed/TARGET_NUCLEO_F401RE/TOOLCHAIN_ARM_STD/mbed.ar(FileBase.o)(i._ZN4mbed8FileBase6lookupEPKcj)
    mbed::FilePath::file()                   0x08003a15   Thumb Code    24  mbed/TARGET_NUCLEO_F401RE/TOOLCHAIN_ARM_STD/mbed.ar(FilePath.o)(i._ZN4mbed8FilePath4fileEv)
    mbed::FilePath::exists()                 0x08003a2d   Thumb Code    10  mbed/TARGET_NUCLEO_F401RE/TOOLCHAIN_ARM_STD/mbed.ar(FilePath.o)(i._ZN4mbed8FilePath6existsEv)
    mbed::FilePath::isFile()                 0x08003a37   Thumb Code    24  mbed/TARGET_NUCLEO_F401RE/TOOLCHAIN_ARM_STD/mbed.ar(FilePath.o)(i._ZN4mbed8FilePath6isFileEv)
    mbed::FilePath::FilePath(const char*)    0x08003a4f   Thumb Code    64  mbed/TARGET_NUCLEO_F401RE/TOOLCHAIN_ARM_STD/mbed.ar(FilePath.o)(i._ZN4mbed8FilePathC1EPKc)
    mbed::FilePath::FilePath__sub_object(const char*) 0x08003a4f   Thumb Code     0  mbed/TARGET_NUCLEO_F401RE/TOOLCHAIN_ARM_STD/mbed.ar(FilePath.o)(i._ZN4mbed8FilePathC1EPKc)
    __ARM_fpclassify                         0x08003a8f   Thumb Code    48  C:\Keil_v5\ARM\ARMCC\Bin\..\lib\armlib\m_wm.l(fpclassify.o)(i.__ARM_fpclassify)
    __NVIC_SetVector                         0x08003ac1   Thumb Code    48  mbed/TARGET_NUCLEO_F401RE/TOOLCHAIN_ARM_STD/cmsis_nvic.o(i.__NVIC_SetVector)
    __user_setup_stackheap                   0x08003b2d   Thumb Code    10  mbed/TARGET_NUCLEO_F401RE/TOOLCHAIN_ARM_STD/sys.o(i.__user_setup_stackheap)
    _is_digit                                0x08003b3d   Thumb Code    14  C:\Keil_v5\ARM\ARMCC\Bin\..\lib\armlib\c_w.l(__printf_wp.o)(i._is_digit)
    _platform_post_stackheap_init            0x08003b4b   Thumb Code     8  mbed/TARGET_NUCLEO_F401RE/TOOLCHAIN_ARM_STD/mbed_retarget.o(i._platform_post_stackheap_init)
    _sys_close                               0x08003b55   Thumb Code    72  mbed/TARGET_NUCLEO_F401RE/TOOLCHAIN_ARM_STD/mbed_retarget.o(i._sys_close)
    _sys_flen                                0x08003ba1   Thumb Code    50  mbed/TARGET_NUCLEO_F401RE/TOOLCHAIN_ARM_STD/mbed_retarget.o(i._sys_flen)
    _sys_istty                               0x08003bd9   Thumb Code    66  mbed/TARGET_NUCLEO_F401RE/TOOLCHAIN_ARM_STD/mbed_retarget.o(i._sys_istty)
    _sys_open                                0x08003c21   Thumb Code   366  mbed/TARGET_NUCLEO_F401RE/TOOLCHAIN_ARM_STD/mbed_retarget.o(i._sys_open)
    _sys_seek                                0x08003db9   Thumb Code    56  mbed/TARGET_NUCLEO_F401RE/TOOLCHAIN_ARM_STD/mbed_retarget.o(i._sys_seek)
    _sys_write                               0x08003df5   Thumb Code   120  mbed/TARGET_NUCLEO_F401RE/TOOLCHAIN_ARM_STD/mbed_retarget.o(i._sys_write)
    core_util_critical_section_enter         0x08003e79   Thumb Code    70  mbed/TARGET_NUCLEO_F401RE/TOOLCHAIN_ARM_STD/mbed.ar(mbed_critical.o)(i.core_util_critical_section_enter)
    core_util_critical_section_exit          0x08003f05   Thumb Code    60  mbed/TARGET_NUCLEO_F401RE/TOOLCHAIN_ARM_STD/mbed.ar(mbed_critical.o)(i.core_util_critical_section_exit)
    error                                    0x08003f5d   Thumb Code    18  mbed/TARGET_NUCLEO_F401RE/TOOLCHAIN_ARM_STD/mbed.ar(mbed_error.o)(i.error)
    exit                                     0x08003f71   Thumb Code    24  mbed/TARGET_NUCLEO_F401RE/TOOLCHAIN_ARM_STD/mbed_retarget.o(i.exit)
    gpio_dir                                 0x08003f91   Thumb Code    98  mbed/TARGET_NUCLEO_F401RE/TOOLCHAIN_ARM_STD/gpio_api.o(i.gpio_dir)
    gpio_init                                0x08003ff5   Thumb Code    76  mbed/TARGET_NUCLEO_F401RE/TOOLCHAIN_ARM_STD/gpio_api.o(i.gpio_init)
    gpio_init_in                             0x08004045   Thumb Code    40  mbed/TARGET_NUCLEO_F401RE/TOOLCHAIN_ARM_STD/mbed.ar(mbed_gpio.o)(i.gpio_init_in)
    gpio_init_out                            0x0800406d   Thumb Code    48  mbed/TARGET_NUCLEO_F401RE/TOOLCHAIN_ARM_STD/mbed.ar(mbed_gpio.o)(i.gpio_init_out)
    gpio_mode                                0x0800409d   Thumb Code     8  mbed/TARGET_NUCLEO_F401RE/TOOLCHAIN_ARM_STD/gpio_api.o(i.gpio_mode)
    $Super$$main                             0x08004125   Thumb Code    74  .\build\main.o(i.main)
    mbed_assert_internal                     0x08004179   Thumb Code    32  mbed/TARGET_NUCLEO_F401RE/TOOLCHAIN_ARM_STD/mbed.ar(mbed_assert.o)(i.mbed_assert_internal)
    mbed_die                                 0x080041cd   Thumb Code    42  mbed/TARGET_NUCLEO_F401RE/TOOLCHAIN_ARM_STD/mbed_board.o(i.mbed_die)
    mbed_error_printf                        0x080041f9   Thumb Code    76  mbed/TARGET_NUCLEO_F401RE/TOOLCHAIN_ARM_STD/mbed_board.o(i.mbed_error_printf)
    mbed_error_vfprintf                      0x0800424d   Thumb Code    70  mbed/TARGET_NUCLEO_F401RE/TOOLCHAIN_ARM_STD/mbed_board.o(i.mbed_error_vfprintf)
    mbed_main                                0x0800429d   Thumb Code     2  mbed/TARGET_NUCLEO_F401RE/TOOLCHAIN_ARM_STD/mbed_retarget.o(i.mbed_main)
    mbed_sdk_init                            0x0800429f   Thumb Code    14  mbed/TARGET_NUCLEO_F401RE/TOOLCHAIN_ARM_STD/mbed_overrides.o(i.mbed_sdk_init)
    pin_function                             0x080042ad   Thumb Code   430  mbed/TARGET_NUCLEO_F401RE/TOOLCHAIN_ARM_STD/pinmap.o(i.pin_function)
    pin_mode                                 0x0800447d   Thumb Code   232  mbed/TARGET_NUCLEO_F401RE/TOOLCHAIN_ARM_STD/pinmap.o(i.pin_mode)
    pinmap_merge                             0x08004581   Thumb Code    38  mbed/TARGET_NUCLEO_F401RE/TOOLCHAIN_ARM_STD/mbed.ar(mbed_pinmap_common.o)(i.pinmap_merge)
    pinmap_peripheral                        0x080045bd   Thumb Code    62  mbed/TARGET_NUCLEO_F401RE/TOOLCHAIN_ARM_STD/mbed.ar(mbed_pinmap_common.o)(i.pinmap_peripheral)
    pinmap_pinout                            0x0800461d   Thumb Code    72  mbed/TARGET_NUCLEO_F401RE/TOOLCHAIN_ARM_STD/mbed.ar(mbed_pinmap_common.o)(i.pinmap_pinout)
    serial_baud                              0x08004679   Thumb Code     6  mbed/TARGET_NUCLEO_F401RE/TOOLCHAIN_ARM_STD/serial_api.o(i.serial_baud)
    serial_init                              0x08004681   Thumb Code   310  mbed/TARGET_NUCLEO_F401RE/TOOLCHAIN_ARM_STD/serial_api.o(i.serial_init)
    serial_putc                              0x080047f9   Thumb Code    30  mbed/TARGET_NUCLEO_F401RE/TOOLCHAIN_ARM_STD/serial_api.o(i.serial_putc)
    ticker_irq_handler                       0x0800481d   Thumb Code    78  mbed/TARGET_NUCLEO_F401RE/TOOLCHAIN_ARM_STD/mbed.ar(mbed_ticker_api.o)(i.ticker_irq_handler)
    timer_irq_handler                        0x0800486d   Thumb Code    90  mbed/TARGET_NUCLEO_F401RE/TOOLCHAIN_ARM_STD/hal_tick_32b.o(i.timer_irq_handler)
    us_ticker_clear_interrupt                0x080048d1   Thumb Code    14  mbed/TARGET_NUCLEO_F401RE/TOOLCHAIN_ARM_STD/us_ticker_32b.o(i.us_ticker_clear_interrupt)
    us_ticker_disable_interrupt              0x080048e9   Thumb Code    16  mbed/TARGET_NUCLEO_F401RE/TOOLCHAIN_ARM_STD/us_ticker_32b.o(i.us_ticker_disable_interrupt)
    us_ticker_init                           0x08004901   Thumb Code    26  mbed/TARGET_NUCLEO_F401RE/TOOLCHAIN_ARM_STD/us_ticker_32b.o(i.us_ticker_init)
    us_ticker_irq_handler                    0x08004929   Thumb Code     6  mbed/TARGET_NUCLEO_F401RE/TOOLCHAIN_ARM_STD/mbed.ar(mbed_us_ticker_api.o)(i.us_ticker_irq_handler)
    us_ticker_read                           0x08004935   Thumb Code    30  mbed/TARGET_NUCLEO_F401RE/TOOLCHAIN_ARM_STD/us_ticker_32b.o(i.us_ticker_read)
    us_ticker_set_interrupt                  0x08004965   Thumb Code    18  mbed/TARGET_NUCLEO_F401RE/TOOLCHAIN_ARM_STD/us_ticker_32b.o(i.us_ticker_set_interrupt)
    wait_ms                                  0x08004981   Thumb Code    28  mbed/TARGET_NUCLEO_F401RE/TOOLCHAIN_ARM_STD/mbed.ar(mbed_wait_api_no_rtos.o)(i.wait_ms)
    _get_lc_numeric                          0x0800499d   Thumb Code    44  C:\Keil_v5\ARM\ARMCC\Bin\..\lib\armlib\c_w.l(lc_numeric_c.o)(locale$$code)
    _get_lc_ctype                            0x080049c9   Thumb Code    44  C:\Keil_v5\ARM\ARMCC\Bin\..\lib\armlib\c_w.l(lc_ctype_c.o)(locale$$code)
    SingletonPtr<PlatformMutex>::operator ->() 0x080049f5   Thumb Code    36  mbed/TARGET_NUCLEO_F401RE/TOOLCHAIN_ARM_STD/mbed.ar(FileBase.o)(t._ZN12SingletonPtrI13PlatformMutexEptEv)
    _fp_init                                 0x08004a21   Thumb Code    10  C:\Keil_v5\ARM\ARMCC\Bin\..\lib\armlib\fz_wm.l(fpinit.o)(x$fpl$fpinit)
    __fplib_config_fpu_vfp                   0x08004a29   Thumb Code     0  C:\Keil_v5\ARM\ARMCC\Bin\..\lib\armlib\fz_wm.l(fpinit.o)(x$fpl$fpinit)
    __fplib_config_pureend_doubles           0x08004a29   Thumb Code     0  C:\Keil_v5\ARM\ARMCC\Bin\..\lib\armlib\fz_wm.l(fpinit.o)(x$fpl$fpinit)
    _printf_fp_dec                           0x08004a2b   Thumb Code     4  C:\Keil_v5\ARM\ARMCC\Bin\..\lib\armlib\fz_wm.l(printf1.o)(x$fpl$printf1)
    _printf_fp_hex                           0x08004a2f   Thumb Code     4  C:\Keil_v5\ARM\ARMCC\Bin\..\lib\armlib\fz_wm.l(printf2.o)(x$fpl$printf2)
    __I$use$fp                               0x08004a32   Number         0  C:\Keil_v5\ARM\ARMCC\Bin\..\lib\armlib\fz_wm.l(usenofp.o)(x$fpl$usenofp)
    __stdin_name                             0x08004a32   Data           7  mbed/TARGET_NUCLEO_F401RE/TOOLCHAIN_ARM_STD/mbed_retarget.o(.constdata)
    __stdout_name                            0x08004a39   Data           8  mbed/TARGET_NUCLEO_F401RE/TOOLCHAIN_ARM_STD/mbed_retarget.o(.constdata)
    __stderr_name                            0x08004a41   Data           8  mbed/TARGET_NUCLEO_F401RE/TOOLCHAIN_ARM_STD/mbed_retarget.o(.constdata)
    PinMap_UART_TX                           0x08004a4c   Data          72  mbed/TARGET_NUCLEO_F401RE/TOOLCHAIN_ARM_STD/PeripheralPins.o(.constdata)
    PinMap_UART_RX                           0x08004a94   Data          72  mbed/TARGET_NUCLEO_F401RE/TOOLCHAIN_ARM_STD/PeripheralPins.o(.constdata)
    ll_pin_defines                           0x08004adc   Data          64  mbed/TARGET_NUCLEO_F401RE/TOOLCHAIN_ARM_STD/pinmap.o(.constdata)
    APBAHBPrescTable                         0x08004b1c   Data          16  mbed/TARGET_NUCLEO_F401RE/TOOLCHAIN_ARM_STD/stm32f4xx_hal_rcc.o(.constdata)
    AHBPrescTable                            0x08004b2c   Data          16  mbed/TARGET_NUCLEO_F401RE/TOOLCHAIN_ARM_STD/system_stm32f4xx.o(.constdata)
    SingletonPtr<PlatformMutex>::get()::string 0x08004c54   Data          20  mbed/TARGET_NUCLEO_F401RE/TOOLCHAIN_ARM_STD/mbed_retarget.o(.constdata__ZZN12SingletonPtrI13PlatformMutexE3getEvEs)
    SingletonPtr<PlatformMutex>::get()::string (instance 2) 0x08004c68   Data          92  mbed/TARGET_NUCLEO_F401RE/TOOLCHAIN_ARM_STD/mbed_retarget.o(.constdata__ZZN12SingletonPtrI13PlatformMutexE3getEvEs_0)
    Region$$Table$$Base                      0x08004dd8   Number         0  anon$$obj.o(Region$$Table)
    Region$$Table$$Limit                     0x08004df8   Number         0  anon$$obj.o(Region$$Table)
    __ctype                                  0x08004e21   Data           0  C:\Keil_v5\ARM\ARMCC\Bin\..\lib\armlib\c_w.l(lc_ctype_c.o)(locale$$data)
    SHT$$INIT_ARRAY$$Base                    0x08004f24   Number         0  .\build\main.o(.init_array)
    SHT$$INIT_ARRAY$$Limit                   0x08004f28   Number         0  C:\Keil_v5\ARM\ARMCC\Bin\..\lib\armlib\c_w.l(init_aeabi.o)(.init_array)
    PreviousVal                              0x20000194   Data           4  mbed/TARGET_NUCLEO_F401RE/TOOLCHAIN_ARM_STD/hal_tick_32b.o(.data)
    stdio_uart_inited                        0x200001a0   Data           4  mbed/TARGET_NUCLEO_F401RE/TOOLCHAIN_ARM_STD/serial_api.o(.data)
    uwTick                                   0x200001a8   Data           4  mbed/TARGET_NUCLEO_F401RE/TOOLCHAIN_ARM_STD/stm32f4xx_hal.o(.data)
    SystemCoreClock                          0x200001ac   Data           4  mbed/TARGET_NUCLEO_F401RE/TOOLCHAIN_ARM_STD/system_stm32f4xx.o(.data)
    mbed::FileBase::_head                    0x200001c4   Data           4  mbed/TARGET_NUCLEO_F401RE/TOOLCHAIN_ARM_STD/mbed.ar(FileBase.o)(.data)
    mbed::FileBase::_mutex                   0x200001c8   Data           8  mbed/TARGET_NUCLEO_F401RE/TOOLCHAIN_ARM_STD/mbed.ar(FileBase.o)(.data)
    __aeabi_stdin                            0x200001d0   Data           4  C:\Keil_v5\ARM\ARMCC\Bin\..\lib\armlib\c_w.l(stdio_streams.o)(.data)
    __aeabi_stdout                           0x200001d4   Data           4  C:\Keil_v5\ARM\ARMCC\Bin\..\lib\armlib\c_w.l(stdio_streams.o)(.data)
    __aeabi_stderr                           0x200001d8   Data           4  C:\Keil_v5\ARM\ARMCC\Bin\..\lib\armlib\c_w.l(stdio_streams.o)(.data)
    stdio_uart                               0x20000440   Data          76  mbed/TARGET_NUCLEO_F401RE/TOOLCHAIN_ARM_STD/serial_api.o(.bss)
    TimMasterHandle                          0x2000048c   Data          60  mbed/TARGET_NUCLEO_F401RE/TOOLCHAIN_ARM_STD/us_ticker_32b.o(.bss)
    mybutton                                 0x200004c8   Data          28  .\build\main.o(.bss)
    myled                                    0x200004e4   Data          28  .\build\main.o(.bss)
    __stdin                                  0x20000504   Data          84  C:\Keil_v5\ARM\ARMCC\Bin\..\lib\armlib\c_w.l(stdio_streams.o)(.bss)
    __stdout                                 0x20000558   Data          84  C:\Keil_v5\ARM\ARMCC\Bin\..\lib\armlib\c_w.l(stdio_streams.o)(.bss)
    __stderr                                 0x200005ac   Data          84  C:\Keil_v5\ARM\ARMCC\Bin\..\lib\armlib\c_w.l(stdio_streams.o)(.bss)
    Image$$RW_IRAM1$$ZI$$Limit               0x20000618   Number         0  anon$$obj.o ABSOLUTE



==============================================================================

Memory Map of the image

  Image Entry point : 0x08000195

  Load Region LR_IROM1 (Base: 0x08000000, Size: 0x00004f74, Max: 0x00080000, ABSOLUTE)

    Execution Region ER_IROM1 (Exec base: 0x08000000, Load base: 0x08000000, Size: 0x00004f28, Max: 0x00080000, ABSOLUTE)

    Exec Addr    Load Addr    Size         Type   Attr      Idx    E Section Name        Object

    0x08000000   0x08000000   0x00000194   Data   RO          551    RESET               mbed/TARGET_NUCLEO_F401RE/TOOLCHAIN_ARM_STD/startup_stm32f401xe.o
    0x08000194   0x08000194   0x00000008   Code   RO         3472  * !!!main             C:\Keil_v5\ARM\ARMCC\Bin\..\lib\armlib\c_w.l(__main.o)
    0x0800019c   0x0800019c   0x00000034   Code   RO         4035    !!!scatter          C:\Keil_v5\ARM\ARMCC\Bin\..\lib\armlib\c_w.l(__scatter.o)
    0x080001d0   0x080001d0   0x0000001a   Code   RO         4037    !!handler_copy      C:\Keil_v5\ARM\ARMCC\Bin\..\lib\armlib\c_w.l(__scatter_copy.o)
    0x080001ea   0x080001ea   0x00000002   PAD
    0x080001ec   0x080001ec   0x0000001c   Code   RO         4039    !!handler_zi        C:\Keil_v5\ARM\ARMCC\Bin\..\lib\armlib\c_w.l(__scatter_zi.o)
    0x08000208   0x08000208   0x00000000   Code   RO         3700    .ARM.Collect$$_printf_percent$$00000000  C:\Keil_v5\ARM\ARMCC\Bin\..\lib\armlib\c_w.l(_printf_percent.o)
    0x08000208   0x08000208   0x00000006   Code   RO         3689    .ARM.Collect$$_printf_percent$$00000001  C:\Keil_v5\ARM\ARMCC\Bin\..\lib\armlib\c_w.l(_printf_n.o)
    0x0800020e   0x0800020e   0x00000006   Code   RO         3691    .ARM.Collect$$_printf_percent$$00000002  C:\Keil_v5\ARM\ARMCC\Bin\..\lib\armlib\c_w.l(_printf_p.o)
    0x08000214   0x08000214   0x00000006   Code   RO         3696    .ARM.Collect$$_printf_percent$$00000003  C:\Keil_v5\ARM\ARMCC\Bin\..\lib\armlib\c_w.l(_printf_f.o)
    0x0800021a   0x0800021a   0x00000006   Code   RO         3697    .ARM.Collect$$_printf_percent$$00000004  C:\Keil_v5\ARM\ARMCC\Bin\..\lib\armlib\c_w.l(_printf_e.o)
    0x08000220   0x08000220   0x00000006   Code   RO         3698    .ARM.Collect$$_printf_percent$$00000005  C:\Keil_v5\ARM\ARMCC\Bin\..\lib\armlib\c_w.l(_printf_g.o)
    0x08000226   0x08000226   0x00000006   Code   RO         3699    .ARM.Collect$$_printf_percent$$00000006  C:\Keil_v5\ARM\ARMCC\Bin\..\lib\armlib\c_w.l(_printf_a.o)
    0x0800022c   0x0800022c   0x0000000a   Code   RO         3704    .ARM.Collect$$_printf_percent$$00000007  C:\Keil_v5\ARM\ARMCC\Bin\..\lib\armlib\c_w.l(_printf_ll.o)
    0x08000236   0x08000236   0x00000006   Code   RO         3693    .ARM.Collect$$_printf_percent$$00000008  C:\Keil_v5\ARM\ARMCC\Bin\..\lib\armlib\c_w.l(_printf_i.o)
    0x0800023c   0x0800023c   0x00000006   Code   RO         3694    .ARM.Collect$$_printf_percent$$00000009  C:\Keil_v5\ARM\ARMCC\Bin\..\lib\armlib\c_w.l(_printf_d.o)
    0x08000242   0x08000242   0x00000006   Code   RO         3695    .ARM.Collect$$_printf_percent$$0000000A  C:\Keil_v5\ARM\ARMCC\Bin\..\lib\armlib\c_w.l(_printf_u.o)
    0x08000248   0x08000248   0x00000006   Code   RO         3692    .ARM.Collect$$_printf_percent$$0000000B  C:\Keil_v5\ARM\ARMCC\Bin\..\lib\armlib\c_w.l(_printf_o.o)
    0x0800024e   0x0800024e   0x00000006   Code   RO         3690    .ARM.Collect$$_printf_percent$$0000000C  C:\Keil_v5\ARM\ARMCC\Bin\..\lib\armlib\c_w.l(_printf_x.o)
    0x08000254   0x08000254   0x00000006   Code   RO         3701    .ARM.Collect$$_printf_percent$$0000000D  C:\Keil_v5\ARM\ARMCC\Bin\..\lib\armlib\c_w.l(_printf_lli.o)
    0x0800025a   0x0800025a   0x00000006   Code   RO         3702    .ARM.Collect$$_printf_percent$$0000000E  C:\Keil_v5\ARM\ARMCC\Bin\..\lib\armlib\c_w.l(_printf_lld.o)
    0x08000260   0x08000260   0x00000006   Code   RO         3703    .ARM.Collect$$_printf_percent$$0000000F  C:\Keil_v5\ARM\ARMCC\Bin\..\lib\armlib\c_w.l(_printf_llu.o)
    0x08000266   0x08000266   0x00000006   Code   RO         3708    .ARM.Collect$$_printf_percent$$00000010  C:\Keil_v5\ARM\ARMCC\Bin\..\lib\armlib\c_w.l(_printf_llo.o)
    0x0800026c   0x0800026c   0x00000006   Code   RO         3709    .ARM.Collect$$_printf_percent$$00000011  C:\Keil_v5\ARM\ARMCC\Bin\..\lib\armlib\c_w.l(_printf_llx.o)
    0x08000272   0x08000272   0x0000000a   Code   RO         3705    .ARM.Collect$$_printf_percent$$00000012  C:\Keil_v5\ARM\ARMCC\Bin\..\lib\armlib\c_w.l(_printf_l.o)
    0x0800027c   0x0800027c   0x00000006   Code   RO         3687    .ARM.Collect$$_printf_percent$$00000013  C:\Keil_v5\ARM\ARMCC\Bin\..\lib\armlib\c_w.l(_printf_c.o)
    0x08000282   0x08000282   0x00000006   Code   RO         3688    .ARM.Collect$$_printf_percent$$00000014  C:\Keil_v5\ARM\ARMCC\Bin\..\lib\armlib\c_w.l(_printf_s.o)
    0x08000288   0x08000288   0x00000006   Code   RO         3706    .ARM.Collect$$_printf_percent$$00000015  C:\Keil_v5\ARM\ARMCC\Bin\..\lib\armlib\c_w.l(_printf_lc.o)
    0x0800028e   0x0800028e   0x00000006   Code   RO         3707    .ARM.Collect$$_printf_percent$$00000016  C:\Keil_v5\ARM\ARMCC\Bin\..\lib\armlib\c_w.l(_printf_ls.o)
    0x08000294   0x08000294   0x00000004   Code   RO         3850    .ARM.Collect$$_printf_percent$$00000017  C:\Keil_v5\ARM\ARMCC\Bin\..\lib\armlib\c_w.l(_printf_percent_end.o)
    0x08000298   0x08000298   0x00000002   Code   RO         3986    .ARM.Collect$$libinit$$00000000  C:\Keil_v5\ARM\ARMCC\Bin\..\lib\armlib\c_w.l(libinit.o)
    0x0800029a   0x0800029a   0x00000004   Code   RO         3742    .ARM.Collect$$libinit$$00000001  C:\Keil_v5\ARM\ARMCC\Bin\..\lib\armlib\c_w.l(libinit2.o)
    0x0800029e   0x0800029e   0x00000000   Code   RO         3745    .ARM.Collect$$libinit$$00000004  C:\Keil_v5\ARM\ARMCC\Bin\..\lib\armlib\c_w.l(libinit2.o)
    0x0800029e   0x0800029e   0x00000008   Code   RO         3746    .ARM.Collect$$libinit$$00000005  C:\Keil_v5\ARM\ARMCC\Bin\..\lib\armlib\c_w.l(libinit2.o)
    0x080002a6   0x080002a6   0x00000000   Code   RO         3748    .ARM.Collect$$libinit$$0000000A  C:\Keil_v5\ARM\ARMCC\Bin\..\lib\armlib\c_w.l(libinit2.o)
    0x080002a6   0x080002a6   0x00000000   Code   RO         3750    .ARM.Collect$$libinit$$0000000C  C:\Keil_v5\ARM\ARMCC\Bin\..\lib\armlib\c_w.l(libinit2.o)
    0x080002a6   0x080002a6   0x00000000   Code   RO         3752    .ARM.Collect$$libinit$$0000000E  C:\Keil_v5\ARM\ARMCC\Bin\..\lib\armlib\c_w.l(libinit2.o)
    0x080002a6   0x080002a6   0x00000006   Code   RO         3753    .ARM.Collect$$libinit$$0000000F  C:\Keil_v5\ARM\ARMCC\Bin\..\lib\armlib\c_w.l(libinit2.o)
    0x080002ac   0x080002ac   0x00000000   Code   RO         3755    .ARM.Collect$$libinit$$00000011  C:\Keil_v5\ARM\ARMCC\Bin\..\lib\armlib\c_w.l(libinit2.o)
    0x080002ac   0x080002ac   0x0000000c   Code   RO         3756    .ARM.Collect$$libinit$$00000012  C:\Keil_v5\ARM\ARMCC\Bin\..\lib\armlib\c_w.l(libinit2.o)
    0x080002b8   0x080002b8   0x00000000   Code   RO         3757    .ARM.Collect$$libinit$$00000013  C:\Keil_v5\ARM\ARMCC\Bin\..\lib\armlib\c_w.l(libinit2.o)
    0x080002b8   0x080002b8   0x00000000   Code   RO         3759    .ARM.Collect$$libinit$$00000015  C:\Keil_v5\ARM\ARMCC\Bin\..\lib\armlib\c_w.l(libinit2.o)
    0x080002b8   0x080002b8   0x0000000a   Code   RO         3760    .ARM.Collect$$libinit$$00000016  C:\Keil_v5\ARM\ARMCC\Bin\..\lib\armlib\c_w.l(libinit2.o)
    0x080002c2   0x080002c2   0x00000000   Code   RO         3761    .ARM.Collect$$libinit$$00000017  C:\Keil_v5\ARM\ARMCC\Bin\..\lib\armlib\c_w.l(libinit2.o)
    0x080002c2   0x080002c2   0x00000000   Code   RO         3763    .ARM.Collect$$libinit$$00000019  C:\Keil_v5\ARM\ARMCC\Bin\..\lib\armlib\c_w.l(libinit2.o)
    0x080002c2   0x080002c2   0x00000000   Code   RO         3765    .ARM.Collect$$libinit$$0000001B  C:\Keil_v5\ARM\ARMCC\Bin\..\lib\armlib\c_w.l(libinit2.o)
    0x080002c2   0x080002c2   0x00000000   Code   RO         3767    .ARM.Collect$$libinit$$0000001D  C:\Keil_v5\ARM\ARMCC\Bin\..\lib\armlib\c_w.l(libinit2.o)
    0x080002c2   0x080002c2   0x00000000   Code   RO         3769    .ARM.Collect$$libinit$$0000001F  C:\Keil_v5\ARM\ARMCC\Bin\..\lib\armlib\c_w.l(libinit2.o)
    0x080002c2   0x080002c2   0x00000000   Code   RO         3771    .ARM.Collect$$libinit$$00000021  C:\Keil_v5\ARM\ARMCC\Bin\..\lib\armlib\c_w.l(libinit2.o)
    0x080002c2   0x080002c2   0x00000000   Code   RO         3773    .ARM.Collect$$libinit$$00000023  C:\Keil_v5\ARM\ARMCC\Bin\..\lib\armlib\c_w.l(libinit2.o)
    0x080002c2   0x080002c2   0x00000004   Code   RO         3774    .ARM.Collect$$libinit$$00000024  C:\Keil_v5\ARM\ARMCC\Bin\..\lib\armlib\c_w.l(libinit2.o)
    0x080002c6   0x080002c6   0x00000000   Code   RO         3775    .ARM.Collect$$libinit$$00000025  C:\Keil_v5\ARM\ARMCC\Bin\..\lib\armlib\c_w.l(libinit2.o)
    0x080002c6   0x080002c6   0x00000000   Code   RO         3779    .ARM.Collect$$libinit$$0000002C  C:\Keil_v5\ARM\ARMCC\Bin\..\lib\armlib\c_w.l(libinit2.o)
    0x080002c6   0x080002c6   0x00000000   Code   RO         3781    .ARM.Collect$$libinit$$0000002E  C:\Keil_v5\ARM\ARMCC\Bin\..\lib\armlib\c_w.l(libinit2.o)
    0x080002c6   0x080002c6   0x00000000   Code   RO         3783    .ARM.Collect$$libinit$$00000030  C:\Keil_v5\ARM\ARMCC\Bin\..\lib\armlib\c_w.l(libinit2.o)
    0x080002c6   0x080002c6   0x00000004   Code   RO         3784    .ARM.Collect$$libinit$$00000031  C:\Keil_v5\ARM\ARMCC\Bin\..\lib\armlib\c_w.l(libinit2.o)
    0x080002ca   0x080002ca   0x00000000   Code   RO         3785    .ARM.Collect$$libinit$$00000032  C:\Keil_v5\ARM\ARMCC\Bin\..\lib\armlib\c_w.l(libinit2.o)
    0x080002ca   0x080002ca   0x00000002   Code   RO         3786    .ARM.Collect$$libinit$$00000033  C:\Keil_v5\ARM\ARMCC\Bin\..\lib\armlib\c_w.l(libinit2.o)
    0x080002cc   0x080002cc   0x00000000   Code   RO         3895    .ARM.Collect$$libshutdown$$00000004  C:\Keil_v5\ARM\ARMCC\Bin\..\lib\armlib\c_w.l(libshutdown2.o)
    0x080002cc   0x080002cc   0x00000000   Code   RO         3591    .ARM.Collect$$rtentry$$00000000  C:\Keil_v5\ARM\ARMCC\Bin\..\lib\armlib\c_w.l(__rtentry.o)
    0x080002cc   0x080002cc   0x00000000   Code   RO         3811    .ARM.Collect$$rtentry$$00000002  C:\Keil_v5\ARM\ARMCC\Bin\..\lib\armlib\c_w.l(__rtentry2.o)
    0x080002cc   0x080002cc   0x00000006   Code   RO         3823    .ARM.Collect$$rtentry$$00000004  C:\Keil_v5\ARM\ARMCC\Bin\..\lib\armlib\c_w.l(__rtentry4.o)
    0x080002d2   0x080002d2   0x00000008   Code   RO         3812    .ARM.Collect$$rtentry$$00000008  C:\Keil_v5\ARM\ARMCC\Bin\..\lib\armlib\c_w.l(__rtentry2.o)
    0x080002da   0x080002da   0x00000004   Code   RO         3814    .ARM.Collect$$rtentry$$0000000A  C:\Keil_v5\ARM\ARMCC\Bin\..\lib\armlib\c_w.l(__rtentry2.o)
    0x080002de   0x080002de   0x00000000   Code   RO         3816    .ARM.Collect$$rtentry$$0000000C  C:\Keil_v5\ARM\ARMCC\Bin\..\lib\armlib\c_w.l(__rtentry2.o)
    0x080002de   0x080002de   0x00000008   Code   RO         3817    .ARM.Collect$$rtentry$$0000000D  C:\Keil_v5\ARM\ARMCC\Bin\..\lib\armlib\c_w.l(__rtentry2.o)
    0x080002e6   0x080002e6   0x00000002   PAD
    0x080002e8   0x080002e8   0x00000000   Code   RO         3827    .emb_text           C:\Keil_v5\ARM\ARMCC\Bin\..\lib\armlib\c_w.l(maybetermalloc1.o)
    0x080002e8   0x080002e8   0x00000024   Code   RO          552    .text               mbed/TARGET_NUCLEO_F401RE/TOOLCHAIN_ARM_STD/startup_stm32f401xe.o
    0x0800030c   0x0800030c   0x00000008   Code   RO         3362    .text               C:\Keil_v5\ARM\ARMCC\Bin\..\lib\armlib\c_w.l(rt_errno_addr.o)
    0x08000314   0x08000314   0x0000005e   Code   RO         3371    .text               C:\Keil_v5\ARM\ARMCC\Bin\..\lib\armlib\c_w.l(h1_alloc.o)
    0x08000372   0x08000372   0x0000004e   Code   RO         3373    .text               C:\Keil_v5\ARM\ARMCC\Bin\..\lib\armlib\c_w.l(h1_free.o)
    0x080003c0   0x080003c0   0x00000034   Code   RO         3429    .text               C:\Keil_v5\ARM\ARMCC\Bin\..\lib\armlib\c_w.l(vsnprintf.o)
    0x080003f4   0x080003f4   0x0000003c   Code   RO         3431    .text               C:\Keil_v5\ARM\ARMCC\Bin\..\lib\armlib\c_w.l(__0sscanf.o)
    0x08000430   0x08000430   0x0000014c   Code   RO         3433    .text               C:\Keil_v5\ARM\ARMCC\Bin\..\lib\armlib\c_w.l(_scanf_int.o)
    0x0800057c   0x0800057c   0x00000064   Code   RO         3435    .text               C:\Keil_v5\ARM\ARMCC\Bin\..\lib\armlib\c_w.l(fflush.o)
    0x080005e0   0x080005e0   0x0000003e   Code   RO         3455    .text               C:\Keil_v5\ARM\ARMCC\Bin\..\lib\armlib\c_w.l(strlen.o)
    0x0800061e   0x0800061e   0x00000096   Code   RO         3457    .text               C:\Keil_v5\ARM\ARMCC\Bin\..\lib\armlib\c_w.l(strncmp.o)
    0x080006b4   0x080006b4   0x00000064   Code   RO         3459    .text               C:\Keil_v5\ARM\ARMCC\Bin\..\lib\armlib\c_w.l(rt_memcpy_w.o)
    0x08000718   0x08000718   0x0000004e   Code   RO         3463    .text               C:\Keil_v5\ARM\ARMCC\Bin\..\lib\armlib\c_w.l(rt_memclr_w.o)
    0x08000766   0x08000766   0x00000002   PAD
    0x08000768   0x08000768   0x00000080   Code   RO         3465    .text               C:\Keil_v5\ARM\ARMCC\Bin\..\lib\armlib\c_w.l(strcmpv7m.o)
    0x080007e8   0x080007e8   0x00000024   Code   RO         3477    .text               C:\Keil_v5\ARM\ARMCC\Bin\..\lib\armlib\c_w.l(init_aeabi.o)
    0x0800080c   0x0800080c   0x00000008   Code   RO         3592    .text               C:\Keil_v5\ARM\ARMCC\Bin\..\lib\armlib\c_w.l(rt_heap_descriptor.o)
    0x08000814   0x08000814   0x00000004   Code   RO         3597    .text               C:\Keil_v5\ARM\ARMCC\Bin\..\lib\armlib\c_w.l(hguard.o)
    0x08000818   0x08000818   0x0000008a   Code   RO         3599    .text               C:\Keil_v5\ARM\ARMCC\Bin\..\lib\armlib\c_w.l(init_alloc.o)
    0x080008a2   0x080008a2   0x0000000e   Code   RO         3603    .text               C:\Keil_v5\ARM\ARMCC\Bin\..\lib\armlib\c_w.l(h1_init.o)
    0x080008b0   0x080008b0   0x0000004e   Code   RO         3619    .text               C:\Keil_v5\ARM\ARMCC\Bin\..\lib\armlib\c_w.l(_printf_pad.o)
    0x080008fe   0x080008fe   0x00000024   Code   RO         3621    .text               C:\Keil_v5\ARM\ARMCC\Bin\..\lib\armlib\c_w.l(_printf_truncate.o)
    0x08000922   0x08000922   0x00000052   Code   RO         3623    .text               C:\Keil_v5\ARM\ARMCC\Bin\..\lib\armlib\c_w.l(_printf_str.o)
    0x08000974   0x08000974   0x00000078   Code   RO         3625    .text               C:\Keil_v5\ARM\ARMCC\Bin\..\lib\armlib\c_w.l(_printf_dec.o)
    0x080009ec   0x080009ec   0x00000028   Code   RO         3627    .text               C:\Keil_v5\ARM\ARMCC\Bin\..\lib\armlib\c_w.l(_printf_charcount.o)
    0x08000a14   0x08000a14   0x00000030   Code   RO         3629    .text               C:\Keil_v5\ARM\ARMCC\Bin\..\lib\armlib\c_w.l(_printf_char_common.o)
    0x08000a44   0x08000a44   0x0000000a   Code   RO         3631    .text               C:\Keil_v5\ARM\ARMCC\Bin\..\lib\armlib\c_w.l(_sputc.o)
    0x08000a4e   0x08000a4e   0x00000010   Code   RO         3633    .text               C:\Keil_v5\ARM\ARMCC\Bin\..\lib\armlib\c_w.l(_snputc.o)
    0x08000a5e   0x08000a5e   0x00000002   PAD
    0x08000a60   0x08000a60   0x000000bc   Code   RO         3635    .text               C:\Keil_v5\ARM\ARMCC\Bin\..\lib\armlib\c_w.l(_printf_wctomb.o)
    0x08000b1c   0x08000b1c   0x0000007c   Code   RO         3638    .text               C:\Keil_v5\ARM\ARMCC\Bin\..\lib\armlib\c_w.l(_printf_longlong_dec.o)
    0x08000b98   0x08000b98   0x00000070   Code   RO         3644    .text               C:\Keil_v5\ARM\ARMCC\Bin\..\lib\armlib\c_w.l(_printf_oct_int_ll.o)
    0x08000c08   0x08000c08   0x00000094   Code   RO         3664    .text               C:\Keil_v5\ARM\ARMCC\Bin\..\lib\armlib\c_w.l(_printf_hex_int_ll_ptr.o)
    0x08000c9c   0x08000c9c   0x00000188   Code   RO         3684    .text               C:\Keil_v5\ARM\ARMCC\Bin\..\lib\armlib\c_w.l(__printf_flags_ss_wp.o)
    0x08000e24   0x08000e24   0x0000001c   Code   RO         3710    .text               C:\Keil_v5\ARM\ARMCC\Bin\..\lib\armlib\c_w.l(_chval.o)
    0x08000e40   0x08000e40   0x0000002c   Code   RO         3712    .text               C:\Keil_v5\ARM\ARMCC\Bin\..\lib\armlib\c_w.l(scanf_char.o)
    0x08000e6c   0x08000e6c   0x00000040   Code   RO         3714    .text               C:\Keil_v5\ARM\ARMCC\Bin\..\lib\armlib\c_w.l(_sgetc.o)
    0x08000eac   0x08000eac   0x000000f8   Code   RO         3720    .text               C:\Keil_v5\ARM\ARMCC\Bin\..\lib\armlib\c_w.l(fseek.o)
    0x08000fa4   0x08000fa4   0x00000046   Code   RO         3722    .text               C:\Keil_v5\ARM\ARMCC\Bin\..\lib\armlib\c_w.l(setvbuf.o)
    0x08000fea   0x08000fea   0x00000002   PAD
    0x08000fec   0x08000fec   0x000000f0   Code   RO         3724    .text               C:\Keil_v5\ARM\ARMCC\Bin\..\lib\armlib\c_w.l(stdio.o)
    0x080010dc   0x080010dc   0x00000138   Code   RO         3727    .text               C:\Keil_v5\ARM\ARMCC\Bin\..\lib\armlib\c_w.l(initio.o)
    0x08001214   0x08001214   0x00000034   Code   RO         3829    .text               C:\Keil_v5\ARM\ARMCC\Bin\..\lib\armlib\c_w.l(h1_extend.o)
    0x08001248   0x08001248   0x0000008a   Code   RO         3833    .text               C:\Keil_v5\ARM\ARMCC\Bin\..\lib\armlib\c_w.l(lludiv10.o)
    0x080012d2   0x080012d2   0x00000012   Code   RO         3835    .text               C:\Keil_v5\ARM\ARMCC\Bin\..\lib\armlib\c_w.l(isspace.o)
    0x080012e4   0x080012e4   0x000000b2   Code   RO         3837    .text               C:\Keil_v5\ARM\ARMCC\Bin\..\lib\armlib\c_w.l(_printf_intcommon.o)
    0x08001396   0x08001396   0x0000041e   Code   RO         3839    .text               C:\Keil_v5\ARM\ARMCC\Bin\..\lib\armlib\c_w.l(_printf_fp_dec.o)
    0x080017b4   0x080017b4   0x000002fc   Code   RO         3841    .text               C:\Keil_v5\ARM\ARMCC\Bin\..\lib\armlib\c_w.l(_printf_fp_hex.o)
    0x08001ab0   0x08001ab0   0x0000002c   Code   RO         3846    .text               C:\Keil_v5\ARM\ARMCC\Bin\..\lib\armlib\c_w.l(_printf_char.o)
    0x08001adc   0x08001adc   0x0000002c   Code   RO         3848    .text               C:\Keil_v5\ARM\ARMCC\Bin\..\lib\armlib\c_w.l(_printf_wchar.o)
    0x08001b08   0x08001b08   0x00000374   Code   RO         3851    .text               C:\Keil_v5\ARM\ARMCC\Bin\..\lib\armlib\c_w.l(_scanf.o)
    0x08001e7c   0x08001e7c   0x00000042   Code   RO         3853    .text               C:\Keil_v5\ARM\ARMCC\Bin\..\lib\armlib\c_w.l(ftell.o)
    0x08001ebe   0x08001ebe   0x00000002   PAD
    0x08001ec0   0x08001ec0   0x000000ec   Code   RO         3859    .text               C:\Keil_v5\ARM\ARMCC\Bin\..\lib\armlib\c_w.l(fopen.o)
    0x08001fac   0x08001fac   0x0000004c   Code   RO         3861    .text               C:\Keil_v5\ARM\ARMCC\Bin\..\lib\armlib\c_w.l(fclose.o)
    0x08001ff8   0x08001ff8   0x00000040   Code   RO         3875    .text               C:\Keil_v5\ARM\ARMCC\Bin\..\lib\armlib\c_w.l(_wcrtomb.o)
    0x08002038   0x08002038   0x0000000e   Code   RO         3877    .text               C:\Keil_v5\ARM\ARMCC\Bin\..\lib\armlib\c_w.l(defsig_rtred_outer.o)
    0x08002046   0x08002046   0x0000000e   Code   RO         3881    .text               C:\Keil_v5\ARM\ARMCC\Bin\..\lib\armlib\c_w.l(defsig_rtmem_outer.o)
    0x08002054   0x08002054   0x00000050   Code   RO         3885    .text               C:\Keil_v5\ARM\ARMCC\Bin\..\lib\armlib\c_w.l(heapauxa.o)
    0x080020a4   0x080020a4   0x00000010   Code   RO         3923    .text               C:\Keil_v5\ARM\ARMCC\Bin\..\lib\armlib\c_w.l(rt_ctype_table.o)
    0x080020b4   0x080020b4   0x00000008   Code   RO         3927    .text               C:\Keil_v5\ARM\ARMCC\Bin\..\lib\armlib\c_w.l(rt_locale.o)
    0x080020bc   0x080020bc   0x00000080   Code   RO         3939    .text               C:\Keil_v5\ARM\ARMCC\Bin\..\lib\armlib\c_w.l(_printf_fp_infnan.o)
    0x0800213c   0x0800213c   0x000000e4   Code   RO         3941    .text               C:\Keil_v5\ARM\ARMCC\Bin\..\lib\armlib\c_w.l(bigflt0.o)
    0x08002220   0x08002220   0x0000000a   Code   RO         3971    .text               C:\Keil_v5\ARM\ARMCC\Bin\..\lib\armlib\c_w.l(defsig_exit.o)
    0x0800222a   0x0800222a   0x00000002   PAD
    0x0800222c   0x0800222c   0x00000034   Code   RO         3973    .text               C:\Keil_v5\ARM\ARMCC\Bin\..\lib\armlib\c_w.l(defsig_rtred_inner.o)
    0x08002260   0x08002260   0x00000050   Code   RO         3975    .text               C:\Keil_v5\ARM\ARMCC\Bin\..\lib\armlib\c_w.l(defsig_rtmem_inner.o)
    0x080022b0   0x080022b0   0x0000000c   Code   RO         3995    .text               C:\Keil_v5\ARM\ARMCC\Bin\..\lib\armlib\c_w.l(sys_exit.o)
    0x080022bc   0x080022bc   0x00000032   Code   RO         4006    .text               C:\Keil_v5\ARM\ARMCC\Bin\..\lib\armlib\c_w.l(defsig_general.o)
    0x080022ee   0x080022ee   0x0000000e   Code   RO         4012    .text               C:\Keil_v5\ARM\ARMCC\Bin\..\lib\armlib\c_w.l(sys_wrch.o)
    0x080022fc   0x080022fc   0x00000002   Code   RO         4014    .text               C:\Keil_v5\ARM\ARMCC\Bin\..\lib\armlib\c_w.l(use_no_semi.o)
    0x080022fe   0x080022fe   0x00000000   Code   RO         4016    .text               C:\Keil_v5\ARM\ARMCC\Bin\..\lib\armlib\c_w.l(indicate_semi.o)
    0x080022fe   0x080022fe   0x0000003e   Code   RO         3944    CL$$btod_d2e        C:\Keil_v5\ARM\ARMCC\Bin\..\lib\armlib\c_w.l(btod.o)
    0x0800233c   0x0800233c   0x00000046   Code   RO         3946    CL$$btod_d2e_denorm_low  C:\Keil_v5\ARM\ARMCC\Bin\..\lib\armlib\c_w.l(btod.o)
    0x08002382   0x08002382   0x00000060   Code   RO         3945    CL$$btod_d2e_norm_op1  C:\Keil_v5\ARM\ARMCC\Bin\..\lib\armlib\c_w.l(btod.o)
    0x080023e2   0x080023e2   0x00000338   Code   RO         3954    CL$$btod_div_common  C:\Keil_v5\ARM\ARMCC\Bin\..\lib\armlib\c_w.l(btod.o)
    0x0800271a   0x0800271a   0x000000dc   Code   RO         3951    CL$$btod_e2e        C:\Keil_v5\ARM\ARMCC\Bin\..\lib\armlib\c_w.l(btod.o)
    0x080027f6   0x080027f6   0x0000002a   Code   RO         3948    CL$$btod_ediv       C:\Keil_v5\ARM\ARMCC\Bin\..\lib\armlib\c_w.l(btod.o)
    0x08002820   0x08002820   0x0000002a   Code   RO         3947    CL$$btod_emul       C:\Keil_v5\ARM\ARMCC\Bin\..\lib\armlib\c_w.l(btod.o)
    0x0800284a   0x0800284a   0x00000244   Code   RO         3953    CL$$btod_mult_common  C:\Keil_v5\ARM\ARMCC\Bin\..\lib\armlib\c_w.l(btod.o)
    0x08002a8e   0x08002a8e   0x0000000e   Code   RO          237    i.$Sub$$main        mbed/TARGET_NUCLEO_F401RE/TOOLCHAIN_ARM_STD/mbed_retarget.o
    0x08002a9c   0x08002a9c   0x0000000c   Code   RO          570    i.HAL_GetTick       mbed/TARGET_NUCLEO_F401RE/TOOLCHAIN_ARM_STD/stm32f4xx_hal.o
    0x08002aa8   0x08002aa8   0x00000010   Code   RO          571    i.HAL_IncTick       mbed/TARGET_NUCLEO_F401RE/TOOLCHAIN_ARM_STD/stm32f4xx_hal.o
    0x08002ab8   0x08002ab8   0x00000030   Code   RO          572    i.HAL_Init          mbed/TARGET_NUCLEO_F401RE/TOOLCHAIN_ARM_STD/stm32f4xx_hal.o
    0x08002ae8   0x08002ae8   0x000000c4   Code   RO          116    i.HAL_InitTick      mbed/TARGET_NUCLEO_F401RE/TOOLCHAIN_ARM_STD/hal_tick_32b.o
    0x08002bac   0x08002bac   0x00000002   Code   RO         1337    i.HAL_MspInit       mbed/TARGET_NUCLEO_F401RE/TOOLCHAIN_ARM_STD/stm32f4xx_hal_msp_template.o
    0x08002bae   0x08002bae   0x00000002   PAD
    0x08002bb0   0x08002bb0   0x00000198   Code   RO         1521    i.HAL_RCC_ClockConfig  mbed/TARGET_NUCLEO_F401RE/TOOLCHAIN_ARM_STD/stm32f4xx_hal_rcc.o
    0x08002d48   0x08002d48   0x00000040   Code   RO         1525    i.HAL_RCC_GetClockConfig  mbed/TARGET_NUCLEO_F401RE/TOOLCHAIN_ARM_STD/stm32f4xx_hal_rcc.o
    0x08002d88   0x08002d88   0x00000030   Code   RO         1528    i.HAL_RCC_GetPCLK1Freq  mbed/TARGET_NUCLEO_F401RE/TOOLCHAIN_ARM_STD/stm32f4xx_hal_rcc.o
    0x08002db8   0x08002db8   0x00000030   Code   RO         1529    i.HAL_RCC_GetPCLK2Freq  mbed/TARGET_NUCLEO_F401RE/TOOLCHAIN_ARM_STD/stm32f4xx_hal_rcc.o
    0x08002de8   0x08002de8   0x00000094   Code   RO         1530    i.HAL_RCC_GetSysClockFreq  mbed/TARGET_NUCLEO_F401RE/TOOLCHAIN_ARM_STD/stm32f4xx_hal_rcc.o
    0x08002e7c   0x08002e7c   0x00000374   Code   RO         1533    i.HAL_RCC_OscConfig  mbed/TARGET_NUCLEO_F401RE/TOOLCHAIN_ARM_STD/stm32f4xx_hal_rcc.o
    0x080031f0   0x080031f0   0x00000036   Code   RO         1990    i.HAL_TIM_OC_Init   mbed/TARGET_NUCLEO_F401RE/TOOLCHAIN_ARM_STD/stm32f4xx_hal_tim.o
    0x08003226   0x08003226   0x00000002   Code   RO         1992    i.HAL_TIM_OC_MspInit  mbed/TARGET_NUCLEO_F401RE/TOOLCHAIN_ARM_STD/stm32f4xx_hal_tim.o
    0x08003228   0x08003228   0x00000036   Code   RO         1993    i.HAL_TIM_OC_Start  mbed/TARGET_NUCLEO_F401RE/TOOLCHAIN_ARM_STD/stm32f4xx_hal_tim.o
    0x0800325e   0x0800325e   0x00000062   Code   RO         2233    i.HAL_UART_Init     mbed/TARGET_NUCLEO_F401RE/TOOLCHAIN_ARM_STD/stm32f4xx_hal_uart.o
    0x080032c0   0x080032c0   0x00000002   Code   RO         2235    i.HAL_UART_MspInit  mbed/TARGET_NUCLEO_F401RE/TOOLCHAIN_ARM_STD/stm32f4xx_hal_uart.o
    0x080032c2   0x080032c2   0x00000002   PAD
    0x080032c4   0x080032c4   0x000000a0   Code   RO         2567    i.SetSysClock       mbed/TARGET_NUCLEO_F401RE/TOOLCHAIN_ARM_STD/system_stm32f4xx.o
    0x08003364   0x08003364   0x0000008c   Code   RO         2568    i.SetSysClock_PLL_HSE  mbed/TARGET_NUCLEO_F401RE/TOOLCHAIN_ARM_STD/system_stm32f4xx.o
    0x080033f0   0x080033f0   0x000000d0   Code   RO           43    i.Set_GPIO_Clock    mbed/TARGET_NUCLEO_F401RE/TOOLCHAIN_ARM_STD/gpio_api.o
    0x080034c0   0x080034c0   0x00000084   Code   RO         2570    i.SystemCoreClockUpdate  mbed/TARGET_NUCLEO_F401RE/TOOLCHAIN_ARM_STD/system_stm32f4xx.o
    0x08003544   0x08003544   0x00000088   Code   RO         2571    i.SystemInit        mbed/TARGET_NUCLEO_F401RE/TOOLCHAIN_ARM_STD/system_stm32f4xx.o
    0x080035cc   0x080035cc   0x00000094   Code   RO         2027    i.TIM_Base_SetConfig  mbed/TARGET_NUCLEO_F401RE/TOOLCHAIN_ARM_STD/stm32f4xx_hal_tim.o
    0x08003660   0x08003660   0x00000344   Code   RO         2252    i.UART_SetConfig    mbed/TARGET_NUCLEO_F401RE/TOOLCHAIN_ARM_STD/stm32f4xx_hal_uart.o
    0x080039a4   0x080039a4   0x00000004   Code   RO         3310    i._ZN4mbed8FileBase11getPathTypeEv  mbed/TARGET_NUCLEO_F401RE/TOOLCHAIN_ARM_STD/mbed.ar(FileBase.o)
    0x080039a8   0x080039a8   0x0000006c   Code   RO         3312    i._ZN4mbed8FileBase6lookupEPKcj  mbed/TARGET_NUCLEO_F401RE/TOOLCHAIN_ARM_STD/mbed.ar(FileBase.o)
    0x08003a14   0x08003a14   0x00000018   Code   RO         3172    i._ZN4mbed8FilePath4fileEv  mbed/TARGET_NUCLEO_F401RE/TOOLCHAIN_ARM_STD/mbed.ar(FilePath.o)
    0x08003a2c   0x08003a2c   0x0000000a   Code   RO         3173    i._ZN4mbed8FilePath6existsEv  mbed/TARGET_NUCLEO_F401RE/TOOLCHAIN_ARM_STD/mbed.ar(FilePath.o)
    0x08003a36   0x08003a36   0x00000018   Code   RO         3174    i._ZN4mbed8FilePath6isFileEv  mbed/TARGET_NUCLEO_F401RE/TOOLCHAIN_ARM_STD/mbed.ar(FilePath.o)
    0x08003a4e   0x08003a4e   0x00000040   Code   RO         3176    i._ZN4mbed8FilePathC1EPKc  mbed/TARGET_NUCLEO_F401RE/TOOLCHAIN_ARM_STD/mbed.ar(FilePath.o)
    0x08003a8e   0x08003a8e   0x00000030   Code   RO         3993    i.__ARM_fpclassify  C:\Keil_v5\ARM\ARMCC\Bin\..\lib\armlib\m_wm.l(fpclassify.o)
    0x08003abe   0x08003abe   0x00000002   PAD
    0x08003ac0   0x08003ac0   0x00000034   Code   RO           34    i.__NVIC_SetVector  mbed/TARGET_NUCLEO_F401RE/TOOLCHAIN_ARM_STD/cmsis_nvic.o
    0x08003af4   0x08003af4   0x00000038   Code   RO         2609    i.__sti___8_main_cpp_mybutton  .\build\main.o
    0x08003b2c   0x08003b2c   0x00000010   Code   RO         2561    i.__user_setup_stackheap  mbed/TARGET_NUCLEO_F401RE/TOOLCHAIN_ARM_STD/sys.o
    0x08003b3c   0x08003b3c   0x0000000e   Code   RO         3677    i._is_digit         C:\Keil_v5\ARM\ARMCC\Bin\..\lib\armlib\c_w.l(__printf_wp.o)
    0x08003b4a   0x08003b4a   0x00000008   Code   RO          249    i._platform_post_stackheap_init  mbed/TARGET_NUCLEO_F401RE/TOOLCHAIN_ARM_STD/mbed_retarget.o
    0x08003b52   0x08003b52   0x00000002   PAD
    0x08003b54   0x08003b54   0x0000004c   Code   RO          250    i._sys_close        mbed/TARGET_NUCLEO_F401RE/TOOLCHAIN_ARM_STD/mbed_retarget.o
    0x08003ba0   0x08003ba0   0x00000038   Code   RO          253    i._sys_flen         mbed/TARGET_NUCLEO_F401RE/TOOLCHAIN_ARM_STD/mbed_retarget.o
    0x08003bd8   0x08003bd8   0x00000048   Code   RO          254    i._sys_istty        mbed/TARGET_NUCLEO_F401RE/TOOLCHAIN_ARM_STD/mbed_retarget.o
    0x08003c20   0x08003c20   0x00000198   Code   RO          255    i._sys_open         mbed/TARGET_NUCLEO_F401RE/TOOLCHAIN_ARM_STD/mbed_retarget.o
    0x08003db8   0x08003db8   0x0000003c   Code   RO          257    i._sys_seek         mbed/TARGET_NUCLEO_F401RE/TOOLCHAIN_ARM_STD/mbed_retarget.o
    0x08003df4   0x08003df4   0x00000084   Code   RO          258    i._sys_write        mbed/TARGET_NUCLEO_F401RE/TOOLCHAIN_ARM_STD/mbed_retarget.o
    0x08003e78   0x08003e78   0x0000008c   Code   RO         3273    i.core_util_critical_section_enter  mbed/TARGET_NUCLEO_F401RE/TOOLCHAIN_ARM_STD/mbed.ar(mbed_critical.o)
    0x08003f04   0x08003f04   0x00000058   Code   RO         3274    i.core_util_critical_section_exit  mbed/TARGET_NUCLEO_F401RE/TOOLCHAIN_ARM_STD/mbed.ar(mbed_critical.o)
    0x08003f5c   0x08003f5c   0x00000012   Code   RO         3236    i.error             mbed/TARGET_NUCLEO_F401RE/TOOLCHAIN_ARM_STD/mbed.ar(mbed_error.o)
    0x08003f6e   0x08003f6e   0x00000002   PAD
    0x08003f70   0x08003f70   0x00000020   Code   RO          260    i.exit              mbed/TARGET_NUCLEO_F401RE/TOOLCHAIN_ARM_STD/mbed_retarget.o
    0x08003f90   0x08003f90   0x00000062   Code   RO           56    i.gpio_dir          mbed/TARGET_NUCLEO_F401RE/TOOLCHAIN_ARM_STD/gpio_api.o
    0x08003ff2   0x08003ff2   0x00000002   PAD
    0x08003ff4   0x08003ff4   0x00000050   Code   RO           44    i.gpio_init         mbed/TARGET_NUCLEO_F401RE/TOOLCHAIN_ARM_STD/gpio_api.o
    0x08004044   0x08004044   0x00000028   Code   RO         3244    i.gpio_init_in      mbed/TARGET_NUCLEO_F401RE/TOOLCHAIN_ARM_STD/mbed.ar(mbed_gpio.o)
    0x0800406c   0x0800406c   0x00000030   Code   RO         3247    i.gpio_init_out     mbed/TARGET_NUCLEO_F401RE/TOOLCHAIN_ARM_STD/mbed.ar(mbed_gpio.o)
    0x0800409c   0x0800409c   0x00000008   Code   RO           45    i.gpio_mode         mbed/TARGET_NUCLEO_F401RE/TOOLCHAIN_ARM_STD/gpio_api.o
    0x080040a4   0x080040a4   0x00000080   Code   RO          471    i.init_uart         mbed/TARGET_NUCLEO_F401RE/TOOLCHAIN_ARM_STD/serial_api.o
    0x08004124   0x08004124   0x00000054   Code   RO         2610    i.main              .\build\main.o
    0x08004178   0x08004178   0x00000054   Code   RO         3228    i.mbed_assert_internal  mbed/TARGET_NUCLEO_F401RE/TOOLCHAIN_ARM_STD/mbed.ar(mbed_assert.o)
    0x080041cc   0x080041cc   0x0000002a   Code   RO          215    i.mbed_die          mbed/TARGET_NUCLEO_F401RE/TOOLCHAIN_ARM_STD/mbed_board.o
    0x080041f6   0x080041f6   0x00000002   PAD
    0x080041f8   0x080041f8   0x00000054   Code   RO          216    i.mbed_error_printf  mbed/TARGET_NUCLEO_F401RE/TOOLCHAIN_ARM_STD/mbed_board.o
    0x0800424c   0x0800424c   0x00000050   Code   RO          217    i.mbed_error_vfprintf  mbed/TARGET_NUCLEO_F401RE/TOOLCHAIN_ARM_STD/mbed_board.o
    0x0800429c   0x0800429c   0x00000002   Code   RO          261    i.mbed_main         mbed/TARGET_NUCLEO_F401RE/TOOLCHAIN_ARM_STD/mbed_retarget.o
    0x0800429e   0x0800429e   0x0000000e   Code   RO          228    i.mbed_sdk_init     mbed/TARGET_NUCLEO_F401RE/TOOLCHAIN_ARM_STD/mbed_overrides.o
    0x080042ac   0x080042ac   0x000001d0   Code   RO          387    i.pin_function      mbed/TARGET_NUCLEO_F401RE/TOOLCHAIN_ARM_STD/pinmap.o
    0x0800447c   0x0800447c   0x00000104   Code   RO          388    i.pin_mode          mbed/TARGET_NUCLEO_F401RE/TOOLCHAIN_ARM_STD/pinmap.o
    0x08004580   0x08004580   0x0000003c   Code   RO         3200    i.pinmap_merge      mbed/TARGET_NUCLEO_F401RE/TOOLCHAIN_ARM_STD/mbed.ar(mbed_pinmap_common.o)
    0x080045bc   0x080045bc   0x00000060   Code   RO         3201    i.pinmap_peripheral  mbed/TARGET_NUCLEO_F401RE/TOOLCHAIN_ARM_STD/mbed.ar(mbed_pinmap_common.o)
    0x0800461c   0x0800461c   0x0000005c   Code   RO         3202    i.pinmap_pinout     mbed/TARGET_NUCLEO_F401RE/TOOLCHAIN_ARM_STD/mbed.ar(mbed_pinmap_common.o)
    0x08004678   0x08004678   0x00000006   Code   RO          472    i.serial_baud       mbed/TARGET_NUCLEO_F401RE/TOOLCHAIN_ARM_STD/serial_api.o
    0x0800467e   0x0800467e   0x00000002   PAD
    0x08004680   0x08004680   0x00000178   Code   RO          479    i.serial_init       mbed/TARGET_NUCLEO_F401RE/TOOLCHAIN_ARM_STD/serial_api.o
    0x080047f8   0x080047f8   0x00000024   Code   RO          484    i.serial_putc       mbed/TARGET_NUCLEO_F401RE/TOOLCHAIN_ARM_STD/serial_api.o
    0x0800481c   0x0800481c   0x0000004e   Code   RO         3347    i.ticker_irq_handler  mbed/TARGET_NUCLEO_F401RE/TOOLCHAIN_ARM_STD/mbed.ar(mbed_ticker_api.o)
    0x0800486a   0x0800486a   0x00000002   PAD
    0x0800486c   0x0800486c   0x00000064   Code   RO          119    i.timer_irq_handler  mbed/TARGET_NUCLEO_F401RE/TOOLCHAIN_ARM_STD/hal_tick_32b.o
    0x080048d0   0x080048d0   0x00000018   Code   RO         2591    i.us_ticker_clear_interrupt  mbed/TARGET_NUCLEO_F401RE/TOOLCHAIN_ARM_STD/us_ticker_32b.o
    0x080048e8   0x080048e8   0x00000018   Code   RO         2592    i.us_ticker_disable_interrupt  mbed/TARGET_NUCLEO_F401RE/TOOLCHAIN_ARM_STD/us_ticker_32b.o
    0x08004900   0x08004900   0x00000028   Code   RO         2593    i.us_ticker_init    mbed/TARGET_NUCLEO_F401RE/TOOLCHAIN_ARM_STD/us_ticker_32b.o
    0x08004928   0x08004928   0x0000000c   Code   RO         3216    i.us_ticker_irq_handler  mbed/TARGET_NUCLEO_F401RE/TOOLCHAIN_ARM_STD/mbed.ar(mbed_us_ticker_api.o)
    0x08004934   0x08004934   0x00000030   Code   RO         2594    i.us_ticker_read    mbed/TARGET_NUCLEO_F401RE/TOOLCHAIN_ARM_STD/us_ticker_32b.o
    0x08004964   0x08004964   0x0000001c   Code   RO         2595    i.us_ticker_set_interrupt  mbed/TARGET_NUCLEO_F401RE/TOOLCHAIN_ARM_STD/us_ticker_32b.o
    0x08004980   0x08004980   0x0000001c   Code   RO         3299    i.wait_ms           mbed/TARGET_NUCLEO_F401RE/TOOLCHAIN_ARM_STD/mbed.ar(mbed_wait_api_no_rtos.o)
    0x0800499c   0x0800499c   0x0000002c   Code   RO         3967    locale$$code        C:\Keil_v5\ARM\ARMCC\Bin\..\lib\armlib\c_w.l(lc_numeric_c.o)
    0x080049c8   0x080049c8   0x0000002c   Code   RO         4002    locale$$code        C:\Keil_v5\ARM\ARMCC\Bin\..\lib\armlib\c_w.l(lc_ctype_c.o)
    0x080049f4   0x080049f4   0x0000002c   Code   RO         3337    t._ZN12SingletonPtrI13PlatformMutexEptEv  mbed/TARGET_NUCLEO_F401RE/TOOLCHAIN_ARM_STD/mbed.ar(FileBase.o)
    0x08004a20   0x08004a20   0x0000000a   Code   RO         3921    x$fpl$fpinit        C:\Keil_v5\ARM\ARMCC\Bin\..\lib\armlib\fz_wm.l(fpinit.o)
    0x08004a2a   0x08004a2a   0x00000004   Code   RO         3802    x$fpl$printf1       C:\Keil_v5\ARM\ARMCC\Bin\..\lib\armlib\fz_wm.l(printf1.o)
    0x08004a2e   0x08004a2e   0x00000004   Code   RO         3804    x$fpl$printf2       C:\Keil_v5\ARM\ARMCC\Bin\..\lib\armlib\fz_wm.l(printf2.o)
    0x08004a32   0x08004a32   0x00000000   Code   RO         3992    x$fpl$usenofp       C:\Keil_v5\ARM\ARMCC\Bin\..\lib\armlib\fz_wm.l(usenofp.o)
    0x08004a32   0x08004a32   0x00000017   Data   RO          312    .constdata          mbed/TARGET_NUCLEO_F401RE/TOOLCHAIN_ARM_STD/mbed_retarget.o
    0x08004a49   0x08004a49   0x00000003   PAD
    0x08004a4c   0x08004a4c   0x00000048   Data   RO          373    .constdata          mbed/TARGET_NUCLEO_F401RE/TOOLCHAIN_ARM_STD/PeripheralPins.o
    0x08004a94   0x08004a94   0x00000048   Data   RO          374    .constdata          mbed/TARGET_NUCLEO_F401RE/TOOLCHAIN_ARM_STD/PeripheralPins.o
    0x08004adc   0x08004adc   0x00000040   Data   RO          389    .constdata          mbed/TARGET_NUCLEO_F401RE/TOOLCHAIN_ARM_STD/pinmap.o
    0x08004b1c   0x08004b1c   0x00000010   Data   RO         1534    .constdata          mbed/TARGET_NUCLEO_F401RE/TOOLCHAIN_ARM_STD/stm32f4xx_hal_rcc.o
    0x08004b2c   0x08004b2c   0x00000010   Data   RO         2572    .constdata          mbed/TARGET_NUCLEO_F401RE/TOOLCHAIN_ARM_STD/system_stm32f4xx.o
    0x08004b3c   0x08004b3c   0x00000014   Data   RO         3217    .constdata          mbed/TARGET_NUCLEO_F401RE/TOOLCHAIN_ARM_STD/mbed.ar(mbed_us_ticker_api.o)
    0x08004b50   0x08004b50   0x00000008   Data   RO         3218    .constdata          mbed/TARGET_NUCLEO_F401RE/TOOLCHAIN_ARM_STD/mbed.ar(mbed_us_ticker_api.o)
    0x08004b58   0x08004b58   0x00000008   Data   RO         3636    .constdata          C:\Keil_v5\ARM\ARMCC\Bin\..\lib\armlib\c_w.l(_printf_wctomb.o)
    0x08004b60   0x08004b60   0x00000028   Data   RO         3665    .constdata          C:\Keil_v5\ARM\ARMCC\Bin\..\lib\armlib\c_w.l(_printf_hex_int_ll_ptr.o)
    0x08004b88   0x08004b88   0x00000011   Data   RO         3685    .constdata          C:\Keil_v5\ARM\ARMCC\Bin\..\lib\armlib\c_w.l(__printf_flags_ss_wp.o)
    0x08004b99   0x08004b99   0x00000026   Data   RO         3842    .constdata          C:\Keil_v5\ARM\ARMCC\Bin\..\lib\armlib\c_w.l(_printf_fp_hex.o)
    0x08004bbf   0x08004bbf   0x00000001   PAD
    0x08004bc0   0x08004bc0   0x00000094   Data   RO         3942    .constdata          C:\Keil_v5\ARM\ARMCC\Bin\..\lib\armlib\c_w.l(bigflt0.o)
    0x08004c54   0x08004c54   0x00000014   Data   RO          363    .constdata__ZZN12SingletonPtrI13PlatformMutexE3getEvEs  mbed/TARGET_NUCLEO_F401RE/TOOLCHAIN_ARM_STD/mbed_retarget.o
    0x08004c68   0x08004c68   0x0000005c   Data   RO          364    .constdata__ZZN12SingletonPtrI13PlatformMutexE3getEvEs_0  mbed/TARGET_NUCLEO_F401RE/TOOLCHAIN_ARM_STD/mbed_retarget.o
    0x08004cc4   0x08004cc4   0x00000055   Data   RO          390    .conststring        mbed/TARGET_NUCLEO_F401RE/TOOLCHAIN_ARM_STD/pinmap.o
    0x08004d19   0x08004d19   0x00000003   PAD
    0x08004d1c   0x08004d1c   0x00000068   Data   RO          499    .conststring        mbed/TARGET_NUCLEO_F401RE/TOOLCHAIN_ARM_STD/serial_api.o
    0x08004d84   0x08004d84   0x00000052   Data   RO         3275    .conststring        mbed/TARGET_NUCLEO_F401RE/TOOLCHAIN_ARM_STD/mbed.ar(mbed_critical.o)
    0x08004dd6   0x08004dd6   0x00000002   PAD
    0x08004dd8   0x08004dd8   0x00000020   Data   RO         4033    Region$$Table       anon$$obj.o
    0x08004df8   0x08004df8   0x0000001c   Data   RO         3966    locale$$data        C:\Keil_v5\ARM\ARMCC\Bin\..\lib\armlib\c_w.l(lc_numeric_c.o)
    0x08004e14   0x08004e14   0x00000110   Data   RO         4001    locale$$data        C:\Keil_v5\ARM\ARMCC\Bin\..\lib\armlib\c_w.l(lc_ctype_c.o)
    0x08004f24   0x08004f24   0x00000004   Data   RO         2614    .init_array         .\build\main.o
    0x08004f28   0x08004f24   0x00000000   Data   RO         3475    .init_array         C:\Keil_v5\ARM\ARMCC\Bin\..\lib\armlib\c_w.l(init_aeabi.o)


    Execution Region RW_IRAM1 (Exec base: 0x20000194, Load base: 0x08004f28, Size: 0x00000484, Max: 0x00017e6c, ABSOLUTE)

    Exec Addr    Load Addr    Size         Type   Attr      Idx    E Section Name        Object

    0x20000194   0x08004f28   0x00000004   Data   RW          120    .data               mbed/TARGET_NUCLEO_F401RE/TOOLCHAIN_ARM_STD/hal_tick_32b.o
    0x20000198   0x08004f2c   0x00000008   Data   RW          315    .data               mbed/TARGET_NUCLEO_F401RE/TOOLCHAIN_ARM_STD/mbed_retarget.o
    0x200001a0   0x08004f34   0x00000008   Data   RW          500    .data               mbed/TARGET_NUCLEO_F401RE/TOOLCHAIN_ARM_STD/serial_api.o
    0x200001a8   0x08004f3c   0x00000004   Data   RW          578    .data               mbed/TARGET_NUCLEO_F401RE/TOOLCHAIN_ARM_STD/stm32f4xx_hal.o
    0x200001ac   0x08004f40   0x00000004   Data   RW         2573    .data               mbed/TARGET_NUCLEO_F401RE/TOOLCHAIN_ARM_STD/system_stm32f4xx.o
    0x200001b0   0x08004f44   0x00000004   Data   RW         2597    .data               mbed/TARGET_NUCLEO_F401RE/TOOLCHAIN_ARM_STD/us_ticker_32b.o
    0x200001b4   0x08004f48   0x00000008   Data   RW         3219    .data               mbed/TARGET_NUCLEO_F401RE/TOOLCHAIN_ARM_STD/mbed.ar(mbed_us_ticker_api.o)
    0x200001bc   0x08004f50   0x00000008   Data   RW         3276    .data               mbed/TARGET_NUCLEO_F401RE/TOOLCHAIN_ARM_STD/mbed.ar(mbed_critical.o)
    0x200001c4   0x08004f58   0x0000000c   Data   RW         3324    .data               mbed/TARGET_NUCLEO_F401RE/TOOLCHAIN_ARM_STD/mbed.ar(FileBase.o)
    0x200001d0   0x08004f64   0x00000004   Data   RW         3448    .data               C:\Keil_v5\ARM\ARMCC\Bin\..\lib\armlib\c_w.l(stdio_streams.o)
    0x200001d4   0x08004f68   0x00000004   Data   RW         3449    .data               C:\Keil_v5\ARM\ARMCC\Bin\..\lib\armlib\c_w.l(stdio_streams.o)
    0x200001d8   0x08004f6c   0x00000004   Data   RW         3450    .data               C:\Keil_v5\ARM\ARMCC\Bin\..\lib\armlib\c_w.l(stdio_streams.o)
    0x200001dc   0x08004f70   0x00000004   Data   RW         3886    .data               C:\Keil_v5\ARM\ARMCC\Bin\..\lib\armlib\c_w.l(heapauxa.o)
    0x200001e0        -       0x00000040   Zero   RW          311    .bss                mbed/TARGET_NUCLEO_F401RE/TOOLCHAIN_ARM_STD/mbed_retarget.o
    0x20000220        -       0x0000026c   Zero   RW          498    .bss                mbed/TARGET_NUCLEO_F401RE/TOOLCHAIN_ARM_STD/serial_api.o
    0x2000048c        -       0x0000003c   Zero   RW         2596    .bss                mbed/TARGET_NUCLEO_F401RE/TOOLCHAIN_ARM_STD/us_ticker_32b.o
    0x200004c8        -       0x00000038   Zero   RW         2613    .bss                .\build\main.o
    0x20000500        -       0x00000004   Zero   RW         3363    .bss                C:\Keil_v5\ARM\ARMCC\Bin\..\lib\armlib\c_w.l(rt_errno_addr.o)
    0x20000504        -       0x00000054   Zero   RW         3445    .bss                C:\Keil_v5\ARM\ARMCC\Bin\..\lib\armlib\c_w.l(stdio_streams.o)
    0x20000558        -       0x00000054   Zero   RW         3446    .bss                C:\Keil_v5\ARM\ARMCC\Bin\..\lib\armlib\c_w.l(stdio_streams.o)
    0x200005ac        -       0x00000054   Zero   RW         3447    .bss                C:\Keil_v5\ARM\ARMCC\Bin\..\lib\armlib\c_w.l(stdio_streams.o)
    0x20000600        -       0x00000004   Zero   RW         3593    .bss                C:\Keil_v5\ARM\ARMCC\Bin\..\lib\armlib\c_w.l(rt_heap_descriptor.o)
    0x20000604        -       0x00000014   Zero   RW         3928    .bss                C:\Keil_v5\ARM\ARMCC\Bin\..\lib\armlib\c_w.l(rt_locale.o)


==============================================================================

Image component sizes


      Code (inc. data)   RO Data    RW Data    ZI Data      Debug   Object Name

         0          0        144          0          0          0   mbed/TARGET_NUCLEO_F401RE/TOOLCHAIN_ARM_STD/PeripheralPins.o
        52          4          0          0          0        132   mbed/TARGET_NUCLEO_F401RE/TOOLCHAIN_ARM_STD/cmsis_nvic.o
       394         78          0          0          0        504   mbed/TARGET_NUCLEO_F401RE/TOOLCHAIN_ARM_STD/gpio_api.o
       296         42          0          4          0        260   mbed/TARGET_NUCLEO_F401RE/TOOLCHAIN_ARM_STD/hal_tick_32b.o
       140         18          4          0         56     121592   .\build\main.o
       206         18          0          0          0        404   mbed/TARGET_NUCLEO_F401RE/TOOLCHAIN_ARM_STD/mbed_board.o
        14          0          0          0          0        128   mbed/TARGET_NUCLEO_F401RE/TOOLCHAIN_ARM_STD/mbed_overrides.o
       860         82        135          8         64       1312   mbed/TARGET_NUCLEO_F401RE/TOOLCHAIN_ARM_STD/mbed_retarget.o
       724         62        149          0          0        268   mbed/TARGET_NUCLEO_F401RE/TOOLCHAIN_ARM_STD/pinmap.o
       546        100        104          8        620        504   mbed/TARGET_NUCLEO_F401RE/TOOLCHAIN_ARM_STD/serial_api.o
        36          8        404          0          0        276   mbed/TARGET_NUCLEO_F401RE/TOOLCHAIN_ARM_STD/startup_stm32f401xe.o
        76         18          0          4          0        356   mbed/TARGET_NUCLEO_F401RE/TOOLCHAIN_ARM_STD/stm32f4xx_hal.o
         2          0          0          0          0        116   mbed/TARGET_NUCLEO_F401RE/TOOLCHAIN_ARM_STD/stm32f4xx_hal_msp_template.o
      1600        114         16          0          0        756   mbed/TARGET_NUCLEO_F401RE/TOOLCHAIN_ARM_STD/stm32f4xx_hal_rcc.o
       258         16          0          0          0        488   mbed/TARGET_NUCLEO_F401RE/TOOLCHAIN_ARM_STD/stm32f4xx_hal_tim.o
       936         14          0          0          0        376   mbed/TARGET_NUCLEO_F401RE/TOOLCHAIN_ARM_STD/stm32f4xx_hal_uart.o
        16          6          0          0          0        116   mbed/TARGET_NUCLEO_F401RE/TOOLCHAIN_ARM_STD/sys.o
       568         76         16          4          0        544   mbed/TARGET_NUCLEO_F401RE/TOOLCHAIN_ARM_STD/system_stm32f4xx.o
       164         60          0          4         60        588   mbed/TARGET_NUCLEO_F401RE/TOOLCHAIN_ARM_STD/us_ticker_32b.o

    ----------------------------------------------------------------------
      6900        716       1010         32        800     128720   Object Totals
         0          0         32          0          0          0   (incl. Generated)
        12          0          6          0          0          0   (incl. Padding)

    ----------------------------------------------------------------------

      Code (inc. data)   RO Data    RW Data    ZI Data      Debug   Library Member Name

        60          8          0          0          0         84   C:\Keil_v5\ARM\ARMCC\Bin\..\lib\armlib\c_w.l(__0sscanf.o)
         8          0          0          0          0         68   C:\Keil_v5\ARM\ARMCC\Bin\..\lib\armlib\c_w.l(__main.o)
       392          4         17          0          0         92   C:\Keil_v5\ARM\ARMCC\Bin\..\lib\armlib\c_w.l(__printf_flags_ss_wp.o)
        14          0          0          0          0         68   C:\Keil_v5\ARM\ARMCC\Bin\..\lib\armlib\c_w.l(__printf_wp.o)
         0          0          0          0          0          0   C:\Keil_v5\ARM\ARMCC\Bin\..\lib\armlib\c_w.l(__rtentry.o)
        20          0          0          0          0          0   C:\Keil_v5\ARM\ARMCC\Bin\..\lib\armlib\c_w.l(__rtentry2.o)
         6          0          0          0          0          0   C:\Keil_v5\ARM\ARMCC\Bin\..\lib\armlib\c_w.l(__rtentry4.o)
        52          8          0          0          0          0   C:\Keil_v5\ARM\ARMCC\Bin\..\lib\armlib\c_w.l(__scatter.o)
        26          0          0          0          0          0   C:\Keil_v5\ARM\ARMCC\Bin\..\lib\armlib\c_w.l(__scatter_copy.o)
        28          0          0          0          0          0   C:\Keil_v5\ARM\ARMCC\Bin\..\lib\armlib\c_w.l(__scatter_zi.o)
        28          0          0          0          0         68   C:\Keil_v5\ARM\ARMCC\Bin\..\lib\armlib\c_w.l(_chval.o)
         6          0          0          0          0          0   C:\Keil_v5\ARM\ARMCC\Bin\..\lib\armlib\c_w.l(_printf_a.o)
         6          0          0          0          0          0   C:\Keil_v5\ARM\ARMCC\Bin\..\lib\armlib\c_w.l(_printf_c.o)
        44          0          0          0          0        108   C:\Keil_v5\ARM\ARMCC\Bin\..\lib\armlib\c_w.l(_printf_char.o)
        48          6          0          0          0         96   C:\Keil_v5\ARM\ARMCC\Bin\..\lib\armlib\c_w.l(_printf_char_common.o)
        40          0          0          0          0         68   C:\Keil_v5\ARM\ARMCC\Bin\..\lib\armlib\c_w.l(_printf_charcount.o)
         6          0          0          0          0          0   C:\Keil_v5\ARM\ARMCC\Bin\..\lib\armlib\c_w.l(_printf_d.o)
       120         16          0          0          0         92   C:\Keil_v5\ARM\ARMCC\Bin\..\lib\armlib\c_w.l(_printf_dec.o)
         6          0          0          0          0          0   C:\Keil_v5\ARM\ARMCC\Bin\..\lib\armlib\c_w.l(_printf_e.o)
         6          0          0          0          0          0   C:\Keil_v5\ARM\ARMCC\Bin\..\lib\armlib\c_w.l(_printf_f.o)
      1054          0          0          0          0        216   C:\Keil_v5\ARM\ARMCC\Bin\..\lib\armlib\c_w.l(_printf_fp_dec.o)
       764          8         38          0          0        100   C:\Keil_v5\ARM\ARMCC\Bin\..\lib\armlib\c_w.l(_printf_fp_hex.o)
       128         16          0          0          0         84   C:\Keil_v5\ARM\ARMCC\Bin\..\lib\armlib\c_w.l(_printf_fp_infnan.o)
         6          0          0          0          0          0   C:\Keil_v5\ARM\ARMCC\Bin\..\lib\armlib\c_w.l(_printf_g.o)
       148          4         40          0          0        160   C:\Keil_v5\ARM\ARMCC\Bin\..\lib\armlib\c_w.l(_printf_hex_int_ll_ptr.o)
         6          0          0          0          0          0   C:\Keil_v5\ARM\ARMCC\Bin\..\lib\armlib\c_w.l(_printf_i.o)
       178          0          0          0          0         88   C:\Keil_v5\ARM\ARMCC\Bin\..\lib\armlib\c_w.l(_printf_intcommon.o)
        10          0          0          0          0          0   C:\Keil_v5\ARM\ARMCC\Bin\..\lib\armlib\c_w.l(_printf_l.o)
         6          0          0          0          0          0   C:\Keil_v5\ARM\ARMCC\Bin\..\lib\armlib\c_w.l(_printf_lc.o)
        10          0          0          0          0          0   C:\Keil_v5\ARM\ARMCC\Bin\..\lib\armlib\c_w.l(_printf_ll.o)
         6          0          0          0          0          0   C:\Keil_v5\ARM\ARMCC\Bin\..\lib\armlib\c_w.l(_printf_lld.o)
         6          0          0          0          0          0   C:\Keil_v5\ARM\ARMCC\Bin\..\lib\armlib\c_w.l(_printf_lli.o)
         6          0          0          0          0          0   C:\Keil_v5\ARM\ARMCC\Bin\..\lib\armlib\c_w.l(_printf_llo.o)
         6          0          0          0          0          0   C:\Keil_v5\ARM\ARMCC\Bin\..\lib\armlib\c_w.l(_printf_llu.o)
         6          0          0          0          0          0   C:\Keil_v5\ARM\ARMCC\Bin\..\lib\armlib\c_w.l(_printf_llx.o)
       124         16          0          0          0         92   C:\Keil_v5\ARM\ARMCC\Bin\..\lib\armlib\c_w.l(_printf_longlong_dec.o)
         6          0          0          0          0          0   C:\Keil_v5\ARM\ARMCC\Bin\..\lib\armlib\c_w.l(_printf_ls.o)
         6          0          0          0          0          0   C:\Keil_v5\ARM\ARMCC\Bin\..\lib\armlib\c_w.l(_printf_n.o)
         6          0          0          0          0          0   C:\Keil_v5\ARM\ARMCC\Bin\..\lib\armlib\c_w.l(_printf_o.o)
       112         10          0          0          0        124   C:\Keil_v5\ARM\ARMCC\Bin\..\lib\armlib\c_w.l(_printf_oct_int_ll.o)
         6          0          0          0          0          0   C:\Keil_v5\ARM\ARMCC\Bin\..\lib\armlib\c_w.l(_printf_p.o)
        78          0          0          0          0        108   C:\Keil_v5\ARM\ARMCC\Bin\..\lib\armlib\c_w.l(_printf_pad.o)
         0          0          0          0          0          0   C:\Keil_v5\ARM\ARMCC\Bin\..\lib\armlib\c_w.l(_printf_percent.o)
         4          0          0          0          0          0   C:\Keil_v5\ARM\ARMCC\Bin\..\lib\armlib\c_w.l(_printf_percent_end.o)
         6          0          0          0          0          0   C:\Keil_v5\ARM\ARMCC\Bin\..\lib\armlib\c_w.l(_printf_s.o)
        82          0          0          0          0         80   C:\Keil_v5\ARM\ARMCC\Bin\..\lib\armlib\c_w.l(_printf_str.o)
        36          0          0          0          0         84   C:\Keil_v5\ARM\ARMCC\Bin\..\lib\armlib\c_w.l(_printf_truncate.o)
         6          0          0          0          0          0   C:\Keil_v5\ARM\ARMCC\Bin\..\lib\armlib\c_w.l(_printf_u.o)
        44          0          0          0          0        108   C:\Keil_v5\ARM\ARMCC\Bin\..\lib\armlib\c_w.l(_printf_wchar.o)
       188          6          8          0          0         92   C:\Keil_v5\ARM\ARMCC\Bin\..\lib\armlib\c_w.l(_printf_wctomb.o)
         6          0          0          0          0          0   C:\Keil_v5\ARM\ARMCC\Bin\..\lib\armlib\c_w.l(_printf_x.o)
       884          6          0          0          0        100   C:\Keil_v5\ARM\ARMCC\Bin\..\lib\armlib\c_w.l(_scanf.o)
       332          0          0          0          0         96   C:\Keil_v5\ARM\ARMCC\Bin\..\lib\armlib\c_w.l(_scanf_int.o)
        64          0          0          0          0         84   C:\Keil_v5\ARM\ARMCC\Bin\..\lib\armlib\c_w.l(_sgetc.o)
        16          0          0          0          0         68   C:\Keil_v5\ARM\ARMCC\Bin\..\lib\armlib\c_w.l(_snputc.o)
        10          0          0          0          0         68   C:\Keil_v5\ARM\ARMCC\Bin\..\lib\armlib\c_w.l(_sputc.o)
        64          0          0          0          0         92   C:\Keil_v5\ARM\ARMCC\Bin\..\lib\armlib\c_w.l(_wcrtomb.o)
       228          4        148          0          0         96   C:\Keil_v5\ARM\ARMCC\Bin\..\lib\armlib\c_w.l(bigflt0.o)
      1936        128          0          0          0        672   C:\Keil_v5\ARM\ARMCC\Bin\..\lib\armlib\c_w.l(btod.o)
        10          0          0          0          0         68   C:\Keil_v5\ARM\ARMCC\Bin\..\lib\armlib\c_w.l(defsig_exit.o)
        50          0          0          0          0         88   C:\Keil_v5\ARM\ARMCC\Bin\..\lib\armlib\c_w.l(defsig_general.o)
        80         58          0          0          0         76   C:\Keil_v5\ARM\ARMCC\Bin\..\lib\armlib\c_w.l(defsig_rtmem_inner.o)
        14          0          0          0          0         80   C:\Keil_v5\ARM\ARMCC\Bin\..\lib\armlib\c_w.l(defsig_rtmem_outer.o)
        52         38          0          0          0         76   C:\Keil_v5\ARM\ARMCC\Bin\..\lib\armlib\c_w.l(defsig_rtred_inner.o)
        14          0          0          0          0         80   C:\Keil_v5\ARM\ARMCC\Bin\..\lib\armlib\c_w.l(defsig_rtred_outer.o)
        76          0          0          0          0         88   C:\Keil_v5\ARM\ARMCC\Bin\..\lib\armlib\c_w.l(fclose.o)
       100          4          0          0          0        120   C:\Keil_v5\ARM\ARMCC\Bin\..\lib\armlib\c_w.l(fflush.o)
       236          4          0          0          0        128   C:\Keil_v5\ARM\ARMCC\Bin\..\lib\armlib\c_w.l(fopen.o)
       248          6          0          0          0         84   C:\Keil_v5\ARM\ARMCC\Bin\..\lib\armlib\c_w.l(fseek.o)
        66          0          0          0          0         76   C:\Keil_v5\ARM\ARMCC\Bin\..\lib\armlib\c_w.l(ftell.o)
        94          0          0          0          0         80   C:\Keil_v5\ARM\ARMCC\Bin\..\lib\armlib\c_w.l(h1_alloc.o)
        52          0          0          0          0         68   C:\Keil_v5\ARM\ARMCC\Bin\..\lib\armlib\c_w.l(h1_extend.o)
        78          0          0          0          0         80   C:\Keil_v5\ARM\ARMCC\Bin\..\lib\armlib\c_w.l(h1_free.o)
        14          0          0          0          0         84   C:\Keil_v5\ARM\ARMCC\Bin\..\lib\armlib\c_w.l(h1_init.o)
        80          6          0          4          0         96   C:\Keil_v5\ARM\ARMCC\Bin\..\lib\armlib\c_w.l(heapauxa.o)
         4          0          0          0          0        136   C:\Keil_v5\ARM\ARMCC\Bin\..\lib\armlib\c_w.l(hguard.o)
         0          0          0          0          0          0   C:\Keil_v5\ARM\ARMCC\Bin\..\lib\armlib\c_w.l(indicate_semi.o)
        36         10          0          0          0         80   C:\Keil_v5\ARM\ARMCC\Bin\..\lib\armlib\c_w.l(init_aeabi.o)
       138          0          0          0          0        168   C:\Keil_v5\ARM\ARMCC\Bin\..\lib\armlib\c_w.l(init_alloc.o)
       312         46          0          0          0        112   C:\Keil_v5\ARM\ARMCC\Bin\..\lib\armlib\c_w.l(initio.o)
        18          0          0          0          0         76   C:\Keil_v5\ARM\ARMCC\Bin\..\lib\armlib\c_w.l(isspace.o)
        44         10        272          0          0         76   C:\Keil_v5\ARM\ARMCC\Bin\..\lib\armlib\c_w.l(lc_ctype_c.o)
        44         10         28          0          0         76   C:\Keil_v5\ARM\ARMCC\Bin\..\lib\armlib\c_w.l(lc_numeric_c.o)
         2          0          0          0          0          0   C:\Keil_v5\ARM\ARMCC\Bin\..\lib\armlib\c_w.l(libinit.o)
        50          0          0          0          0          0   C:\Keil_v5\ARM\ARMCC\Bin\..\lib\armlib\c_w.l(libinit2.o)
         0          0          0          0          0          0   C:\Keil_v5\ARM\ARMCC\Bin\..\lib\armlib\c_w.l(libshutdown2.o)
       138          0          0          0          0         80   C:\Keil_v5\ARM\ARMCC\Bin\..\lib\armlib\c_w.l(lludiv10.o)
         0          0          0          0          0          0   C:\Keil_v5\ARM\ARMCC\Bin\..\lib\armlib\c_w.l(maybetermalloc1.o)
        16          4          0          0          0         76   C:\Keil_v5\ARM\ARMCC\Bin\..\lib\armlib\c_w.l(rt_ctype_table.o)
         8          4          0          0          4         68   C:\Keil_v5\ARM\ARMCC\Bin\..\lib\armlib\c_w.l(rt_errno_addr.o)
         8          4          0          0          4         68   C:\Keil_v5\ARM\ARMCC\Bin\..\lib\armlib\c_w.l(rt_heap_descriptor.o)
         8          4          0          0         20         68   C:\Keil_v5\ARM\ARMCC\Bin\..\lib\armlib\c_w.l(rt_locale.o)
        78          0          0          0          0         80   C:\Keil_v5\ARM\ARMCC\Bin\..\lib\armlib\c_w.l(rt_memclr_w.o)
       100          0          0          0          0         80   C:\Keil_v5\ARM\ARMCC\Bin\..\lib\armlib\c_w.l(rt_memcpy_w.o)
        44          8          0          0          0         84   C:\Keil_v5\ARM\ARMCC\Bin\..\lib\armlib\c_w.l(scanf_char.o)
        70          0          0          0          0         80   C:\Keil_v5\ARM\ARMCC\Bin\..\lib\armlib\c_w.l(setvbuf.o)
       240          6          0          0          0        156   C:\Keil_v5\ARM\ARMCC\Bin\..\lib\armlib\c_w.l(stdio.o)
         0          0          0         12        252          0   C:\Keil_v5\ARM\ARMCC\Bin\..\lib\armlib\c_w.l(stdio_streams.o)
       128          0          0          0          0         68   C:\Keil_v5\ARM\ARMCC\Bin\..\lib\armlib\c_w.l(strcmpv7m.o)
        62          0          0          0          0         76   C:\Keil_v5\ARM\ARMCC\Bin\..\lib\armlib\c_w.l(strlen.o)
       150          0          0          0          0         80   C:\Keil_v5\ARM\ARMCC\Bin\..\lib\armlib\c_w.l(strncmp.o)
        12          4          0          0          0         68   C:\Keil_v5\ARM\ARMCC\Bin\..\lib\armlib\c_w.l(sys_exit.o)
        14          0          0          0          0         76   C:\Keil_v5\ARM\ARMCC\Bin\..\lib\armlib\c_w.l(sys_wrch.o)
         2          0          0          0          0         68   C:\Keil_v5\ARM\ARMCC\Bin\..\lib\armlib\c_w.l(use_no_semi.o)
        52          4          0          0          0         80   C:\Keil_v5\ARM\ARMCC\Bin\..\lib\armlib\c_w.l(vsnprintf.o)
        10          0          0          0          0        116   C:\Keil_v5\ARM\ARMCC\Bin\..\lib\armlib\fz_wm.l(fpinit.o)
         4          0          0          0          0        116   C:\Keil_v5\ARM\ARMCC\Bin\..\lib\armlib\fz_wm.l(printf1.o)
         4          0          0          0          0        116   C:\Keil_v5\ARM\ARMCC\Bin\..\lib\armlib\fz_wm.l(printf2.o)
         0          0          0          0          0          0   C:\Keil_v5\ARM\ARMCC\Bin\..\lib\armlib\fz_wm.l(usenofp.o)
        48          0          0          0          0        124   C:\Keil_v5\ARM\ARMCC\Bin\..\lib\armlib\m_wm.l(fpclassify.o)
       156         26          0         12          0        368   mbed/TARGET_NUCLEO_F401RE/TOOLCHAIN_ARM_STD/mbed.ar(FileBase.o)
       122          0          0          0          0        488   mbed/TARGET_NUCLEO_F401RE/TOOLCHAIN_ARM_STD/mbed.ar(FilePath.o)
        84         52          0          0          0        136   mbed/TARGET_NUCLEO_F401RE/TOOLCHAIN_ARM_STD/mbed.ar(mbed_assert.o)
       228         98         82          8          0        252   mbed/TARGET_NUCLEO_F401RE/TOOLCHAIN_ARM_STD/mbed.ar(mbed_critical.o)
        18          0          0          0          0        128   mbed/TARGET_NUCLEO_F401RE/TOOLCHAIN_ARM_STD/mbed.ar(mbed_error.o)
        88          0          0          0          0        272   mbed/TARGET_NUCLEO_F401RE/TOOLCHAIN_ARM_STD/mbed.ar(mbed_gpio.o)
       248         76          0          0          0        384   mbed/TARGET_NUCLEO_F401RE/TOOLCHAIN_ARM_STD/mbed.ar(mbed_pinmap_common.o)
        78          0          0          0          0        136   mbed/TARGET_NUCLEO_F401RE/TOOLCHAIN_ARM_STD/mbed.ar(mbed_ticker_api.o)
        12          6         28          8          0        116   mbed/TARGET_NUCLEO_F401RE/TOOLCHAIN_ARM_STD/mbed.ar(mbed_us_ticker_api.o)
        28          0          0          0          0        128   mbed/TARGET_NUCLEO_F401RE/TOOLCHAIN_ARM_STD/mbed.ar(mbed_wait_api_no_rtos.o)

    ----------------------------------------------------------------------
     11690        728        664         44        280       9688   Library Totals
        20          0          3          0          0          0   (incl. Padding)

    ----------------------------------------------------------------------

      Code (inc. data)   RO Data    RW Data    ZI Data      Debug   Library Name

     10542        470        551         16        280       6808   C:\Keil_v5\ARM\ARMCC\Bin\..\lib\armlib\c_w.l
        18          0          0          0          0        348   C:\Keil_v5\ARM\ARMCC\Bin\..\lib\armlib\fz_wm.l
        48          0          0          0          0        124   C:\Keil_v5\ARM\ARMCC\Bin\..\lib\armlib\m_wm.l
      1062        258        110         28          0       2408   mbed/TARGET_NUCLEO_F401RE/TOOLCHAIN_ARM_STD/mbed.ar

    ----------------------------------------------------------------------
     11690        728        664         44        280       9688   Library Totals

    ----------------------------------------------------------------------

==============================================================================


      Code (inc. data)   RO Data    RW Data    ZI Data      Debug   

     18590       1444       1674         76       1080     127512   Grand Totals
     18590       1444       1674         76       1080     127512   ELF Image Totals
     18590       1444       1674         76          0          0   ROM Totals

==============================================================================

    Total RO  Size (Code + RO Data)                20264 (  19.79kB)
    Total RW  Size (RW Data + ZI Data)              1156 (   1.13kB)
    Total ROM Size (Code + RO Data + RW Data)      20340 (  19.86kB)

==============================================================================

